<!doctype html public "-//w3c//dtd html 4.0 transitional//en">
<html><head>
<title>Static Call Graph - [.\Objects\LORA_GN_v1.axf]</title></head>
<body><HR>
<H1>Static Call Graph for image .\Objects\LORA_GN_v1.axf</H1><HR>
<BR><P>#&#060CALLGRAPH&#062# ARM Linker, 6240002: Last Updated: Tue Oct  7 13:09:35 2025
<BR><P>
<H3>Maximum Stack Usage =        248 bytes + Unknown(Cycles, Untraceable Function Pointers)</H3><H3>
Call chain for Maximum Stack Depth:</H3>
main &rArr; cli_proc &rArr; ciProcessInput &rArr; strtoul &rArr; _strtoul
<P>
<H3>
Mutually Recursive functions
</H3> <LI><a href="#[3d]">DebugMon_Handler</a>&nbsp;&nbsp;&nbsp;&rArr;&nbsp;&nbsp;&nbsp;<a href="#[3d]">DebugMon_Handler</a><BR>
 <LI><a href="#[51]">AFEC_IRQHandler</a>&nbsp;&nbsp;&nbsp;&rArr;&nbsp;&nbsp;&nbsp;<a href="#[51]">AFEC_IRQHandler</a><BR>
 <LI><a href="#[3a]">BusFault_Handler</a>&nbsp;&nbsp;&nbsp;&rArr;&nbsp;&nbsp;&nbsp;<a href="#[3a]">BusFault_Handler</a><BR>
 <LI><a href="#[f5]">uart_send_data</a>&nbsp;&nbsp;&nbsp;&rArr;&nbsp;&nbsp;&nbsp;<a href="#[f5]">uart_send_data</a><BR>
 <LI><a href="#[39]">MemManage_Handler</a>&nbsp;&nbsp;&nbsp;&rArr;&nbsp;&nbsp;&nbsp;<a href="#[39]">MemManage_Handler</a><BR>
 <LI><a href="#[db]">uart_receive_data</a>&nbsp;&nbsp;&nbsp;&rArr;&nbsp;&nbsp;&nbsp;<a href="#[db]">uart_receive_data</a><BR>
 <LI><a href="#[3b]">UsageFault_Handler</a>&nbsp;&nbsp;&nbsp;&rArr;&nbsp;&nbsp;&nbsp;<a href="#[3b]">UsageFault_Handler</a><BR>
</UL>
<P>
<H3>
Function Pointers
</H3><UL>
 <LI><a href="#[50]">ADC_IRQHandler</a> from adc.o(.text.ADC_IRQHandler) referenced from startup_tremo.o(RESET)
 <LI><a href="#[51]">AFEC_IRQHandler</a> from startup_tremo.o(.text) referenced from startup_tremo.o(RESET)
 <LI><a href="#[5b]">BSTIMER0_IRQHandler</a> from startup_tremo.o(.text) referenced from startup_tremo.o(RESET)
 <LI><a href="#[5c]">BSTIMER1_IRQHandler</a> from startup_tremo.o(.text) referenced from startup_tremo.o(RESET)
 <LI><a href="#[3a]">BusFault_Handler</a> from tremo_it.o(.text.BusFault_Handler) referenced from startup_tremo.o(RESET)
 <LI><a href="#[54]">DAC_IRQHandler</a> from startup_tremo.o(.text) referenced from startup_tremo.o(RESET)
 <LI><a href="#[5f]">DMA0_IRQHandler</a> from startup_tremo.o(.text) referenced from startup_tremo.o(RESET)
 <LI><a href="#[53]">DMA1_IRQHandler</a> from startup_tremo.o(.text) referenced from startup_tremo.o(RESET)
 <LI><a href="#[3d]">DebugMon_Handler</a> from startup_tremo.o(.text) referenced from startup_tremo.o(RESET)
 <LI><a href="#[43]">EFC_IRQHandler</a> from startup_tremo.o(.text) referenced from startup_tremo.o(RESET)
 <LI><a href="#[56]">GPIO_IRQHandler</a> from startup_tremo.o(.text) referenced from startup_tremo.o(RESET)
 <LI><a href="#[38]">HardFault_Handler</a> from tremo_it.o(.text.HardFault_Handler) referenced from startup_tremo.o(RESET)
 <LI><a href="#[4d]">I2C0_IRQHandler</a> from startup_tremo.o(.text) referenced from startup_tremo.o(RESET)
 <LI><a href="#[4e]">I2C1_IRQHandler</a> from startup_tremo.o(.text) referenced from startup_tremo.o(RESET)
 <LI><a href="#[45]">I2C2_IRQHandler</a> from startup_tremo.o(.text) referenced from startup_tremo.o(RESET)
 <LI><a href="#[60]">I2S_IRQHandler</a> from startup_tremo.o(.text) referenced from startup_tremo.o(RESET)
 <LI><a href="#[64]">IWDG_IRQHandler</a> from startup_tremo.o(.text) referenced from startup_tremo.o(RESET)
 <LI><a href="#[61]">LCD_IRQHandler</a> from startup_tremo.o(.text) referenced from startup_tremo.o(RESET)
 <LI><a href="#[55]">LORA_IRQHandler</a> from radio_proc.o(.text.LORA_IRQHandler) referenced from startup_tremo.o(RESET)
 <LI><a href="#[5d]">LPTIMER0_IRQHandler</a> from startup_tremo.o(.text) referenced from startup_tremo.o(RESET)
 <LI><a href="#[63]">LPTIMER1_IRQHandler</a> from startup_tremo.o(.text) referenced from startup_tremo.o(RESET)
 <LI><a href="#[49]">LPUART_IRQHandler</a> from startup_tremo.o(.text) referenced from startup_tremo.o(RESET)
 <LI><a href="#[39]">MemManage_Handler</a> from tremo_it.o(.text.MemManage_Handler) referenced from startup_tremo.o(RESET)
 <LI><a href="#[37]">NMI_Handler</a> from tremo_it.o(.text.NMI_Handler) referenced from startup_tremo.o(RESET)
 <LI><a href="#[62]">PWR_IRQHandler</a> from tremo_it.o(.text.PWR_IRQHandler) referenced from startup_tremo.o(RESET)
 <LI><a href="#[3e]">PendSV_Handler</a> from tremo_it.o(.text.PendSV_Handler) referenced from startup_tremo.o(RESET)
 <LI><a href="#[4c]">QSPI_IRQHandler</a> from startup_tremo.o(.text) referenced from startup_tremo.o(RESET)
 <LI><a href="#[41]">RTC_IRQHandler</a> from startup_tremo.o(.text) referenced from startup_tremo.o(RESET)
 <LI><a href="#[36]">Reset_Handler</a> from startup_tremo.o(.text) referenced from startup_tremo.o(RESET)
 <LI><a href="#[5e]">SAC_IRQHandler</a> from startup_tremo.o(.text) referenced from startup_tremo.o(RESET)
 <LI><a href="#[4f]">SCC_IRQHandler</a> from startup_tremo.o(.text) referenced from startup_tremo.o(RESET)
 <LI><a href="#[40]">SEC_IRQHandler</a> from startup_tremo.o(.text) referenced from startup_tremo.o(RESET)
 <LI><a href="#[4a]">SSP0_IRQHandler</a> from startup_tremo.o(.text) referenced from startup_tremo.o(RESET)
 <LI><a href="#[4b]">SSP1_IRQHandler</a> from startup_tremo.o(.text) referenced from startup_tremo.o(RESET)
 <LI><a href="#[52]">SSP2_IRQHandler</a> from startup_tremo.o(.text) referenced from startup_tremo.o(RESET)
 <LI><a href="#[3c]">SVC_Handler</a> from tremo_it.o(.text.SVC_Handler) referenced from startup_tremo.o(RESET)
 <LI><a href="#[3f]">SysTick_Handler</a> from tremo_it.o(.text.SysTick_Handler) referenced from startup_tremo.o(RESET)
 <LI><a href="#[66]">SystemInit</a> from system_tremo.o(.text.SystemInit) referenced from startup_tremo.o(.text)
 <LI><a href="#[57]">TIMER0_IRQHandler</a> from ustimer.o(.text.TIMER0_IRQHandler) referenced from startup_tremo.o(RESET)
 <LI><a href="#[58]">TIMER1_IRQHandler</a> from startup_tremo.o(.text) referenced from startup_tremo.o(RESET)
 <LI><a href="#[59]">TIMER2_IRQHandler</a> from startup_tremo.o(.text) referenced from startup_tremo.o(RESET)
 <LI><a href="#[5a]">TIMER3_IRQHandler</a> from startup_tremo.o(.text) referenced from startup_tremo.o(RESET)
 <LI><a href="#[46]">UART0_IRQHandler</a> from uart.o(.text.UART0_IRQHandler) referenced from startup_tremo.o(RESET)
 <LI><a href="#[47]">UART1_IRQHandler</a> from uart.o(.text.UART1_IRQHandler) referenced from startup_tremo.o(RESET)
 <LI><a href="#[48]">UART2_IRQHandler</a> from startup_tremo.o(.text) referenced from startup_tremo.o(RESET)
 <LI><a href="#[44]">UART3_IRQHandler</a> from startup_tremo.o(.text) referenced from startup_tremo.o(RESET)
 <LI><a href="#[3b]">UsageFault_Handler</a> from tremo_it.o(.text.UsageFault_Handler) referenced from startup_tremo.o(RESET)
 <LI><a href="#[42]">WDG_IRQHandler</a> from startup_tremo.o(.text) referenced from startup_tremo.o(RESET)
 <LI><a href="#[67]">__main</a> from entry.o(.ARM.Collect$$$$00000000) referenced from startup_tremo.o(.text)
 <LI><a href="#[69]">_sbackspace</a> from _sgetc.o(.text) referenced from strtod.o(.text)
 <LI><a href="#[68]">_sgetc</a> from _sgetc.o(.text) referenced from strtod.o(.text)
 <LI><a href="#[2f]">cli_dumpregs</a> from app_cli.o(.text.cli_dumpregs) referenced 2 times from app_cli.o(.data.commands)
 <LI><a href="#[20]">cli_fs_getaddr</a> from app_cli.o(.text.cli_fs_getaddr) referenced 2 times from app_cli.o(.data.commands)
 <LI><a href="#[24]">cli_fs_getcrcwhite</a> from app_cli.o(.text.cli_fs_getcrcwhite) referenced 2 times from app_cli.o(.data.commands)
 <LI><a href="#[1c]">cli_fs_getmodparams</a> from app_cli.o(.text.cli_fs_getmodparams) referenced 2 times from app_cli.o(.data.commands)
 <LI><a href="#[1e]">cli_fs_getpacketparams</a> from app_cli.o(.text.cli_fs_getpacketparams) referenced 2 times from app_cli.o(.data.commands)
 <LI><a href="#[22]">cli_fs_getsync</a> from app_cli.o(.text.cli_fs_getsync) referenced 2 times from app_cli.o(.data.commands)
 <LI><a href="#[21]">cli_fs_setaddr</a> from app_cli.o(.text.cli_fs_setaddr) referenced 2 times from app_cli.o(.data.commands)
 <LI><a href="#[25]">cli_fs_setcrcwhite</a> from app_cli.o(.text.cli_fs_setcrcwhite) referenced 2 times from app_cli.o(.data.commands)
 <LI><a href="#[1d]">cli_fs_setmodparams</a> from app_cli.o(.text.cli_fs_setmodparams) referenced 2 times from app_cli.o(.data.commands)
 <LI><a href="#[1f]">cli_fs_setpacketparams</a> from app_cli.o(.text.cli_fs_setpacketparams) referenced 2 times from app_cli.o(.data.commands)
 <LI><a href="#[23]">cli_fs_setsync</a> from app_cli.o(.text.cli_fs_setsync) referenced 2 times from app_cli.o(.data.commands)
 <LI><a href="#[13]">cli_getRSSI</a> from app_cli.o(.text.cli_getRSSI) referenced 2 times from app_cli.o(.data.commands)
 <LI><a href="#[f]">cli_getatt</a> from app_cli.o(.text.cli_getatt) referenced 2 times from app_cli.o(.data.commands)
 <LI><a href="#[3]">cli_getdevid</a> from app_cli.o(.text.cli_getdevid) referenced 2 times from app_cli.o(.data.commands)
 <LI><a href="#[9]">cli_getfreq</a> from app_cli.o(.text.cli_getfreq) referenced 2 times from app_cli.o(.data.commands)
 <LI><a href="#[14]">cli_getfreqoffset</a> from app_cli.o(.text.cli_getfreqoffset) referenced 2 times from app_cli.o(.data.commands)
 <LI><a href="#[5]">cli_getmodem</a> from app_cli.o(.text.cli_getmodem) referenced 2 times from app_cli.o(.data.commands)
 <LI><a href="#[7]">cli_getopmode</a> from app_cli.o(.text.cli_getopmode) referenced 2 times from app_cli.o(.data.commands)
 <LI><a href="#[35]">cli_getpaconfig</a> from app_cli.o(.text.cli_getpaconfig) referenced 2 times from app_cli.o(.data.commands)
 <LI><a href="#[b]">cli_getpower</a> from app_cli.o(.text.cli_getpower) referenced 2 times from app_cli.o(.data.commands)
 <LI><a href="#[d]">cli_getrflevel</a> from app_cli.o(.text.cli_getrflevel) referenced 2 times from app_cli.o(.data.commands)
 <LI><a href="#[2b]">cli_getrxcount</a> from app_cli.o(.text.cli_getrxcount) referenced 2 times from app_cli.o(.data.commands)
 <LI><a href="#[15]">cli_getstatus</a> from app_cli.o(.text.cli_getstatus) referenced 2 times from app_cli.o(.data.commands)
 <LI><a href="#[2]">cli_getver</a> from app_cli.o(.text.cli_getver) referenced 2 times from app_cli.o(.data.commands)
 <LI><a href="#[2c]">cli_getvt</a> from app_cli.o(.text.cli_getvt) referenced 2 times from app_cli.o(.data.commands)
 <LI><a href="#[11]">cli_getxotrim</a> from app_cli.o(.text.cli_getxotrim) referenced 2 times from app_cli.o(.data.commands)
 <LI><a href="#[1]">cli_info</a> from app_cli.o(.text.cli_info) referenced 2 times from app_cli.o(.data.commands)
 <LI><a href="#[32]">cli_initconfig</a> from app_cli.o(.text.cli_initconfig) referenced 2 times from app_cli.o(.data.commands)
 <LI><a href="#[16]">cli_lr_getmodparams</a> from app_cli.o(.text.cli_lr_getmodparams) referenced 2 times from app_cli.o(.data.commands)
 <LI><a href="#[18]">cli_lr_getpacketparams</a> from app_cli.o(.text.cli_lr_getpacketparams) referenced 2 times from app_cli.o(.data.commands)
 <LI><a href="#[1a]">cli_lr_getsync</a> from app_cli.o(.text.cli_lr_getsync) referenced 2 times from app_cli.o(.data.commands)
 <LI><a href="#[17]">cli_lr_setmodparams</a> from app_cli.o(.text.cli_lr_setmodparams) referenced 2 times from app_cli.o(.data.commands)
 <LI><a href="#[19]">cli_lr_setpacketparams</a> from app_cli.o(.text.cli_lr_setpacketparams) referenced 2 times from app_cli.o(.data.commands)
 <LI><a href="#[1b]">cli_lr_setsync</a> from app_cli.o(.text.cli_lr_setsync) referenced 2 times from app_cli.o(.data.commands)
 <LI><a href="#[2d]">cli_readreg</a> from app_cli.o(.text.cli_readreg) referenced 2 times from app_cli.o(.data.commands)
 <LI><a href="#[0]">cli_reset</a> from app_cli.o(.text.cli_reset) referenced 2 times from app_cli.o(.data.commands)
 <LI><a href="#[26]">cli_sendburst</a> from app_cli.o(.text.cli_sendburst) referenced 2 times from app_cli.o(.data.commands)
 <LI><a href="#[10]">cli_setatt</a> from app_cli.o(.text.cli_setatt) referenced 2 times from app_cli.o(.data.commands)
 <LI><a href="#[4]">cli_setdevid</a> from app_cli.o(.text.cli_setdevid) referenced 2 times from app_cli.o(.data.commands)
 <LI><a href="#[a]">cli_setfreq</a> from app_cli.o(.text.cli_setfreq) referenced 2 times from app_cli.o(.data.commands)
 <LI><a href="#[6]">cli_setmodem</a> from app_cli.o(.text.cli_setmodem) referenced 2 times from app_cli.o(.data.commands)
 <LI><a href="#[8]">cli_setopmode</a> from app_cli.o(.text.cli_setopmode) referenced 2 times from app_cli.o(.data.commands)
 <LI><a href="#[34]">cli_setpaconfig</a> from app_cli.o(.text.cli_setpaconfig) referenced 2 times from app_cli.o(.data.commands)
 <LI><a href="#[c]">cli_setpower</a> from app_cli.o(.text.cli_setpower) referenced 2 times from app_cli.o(.data.commands)
 <LI><a href="#[e]">cli_setrflevel</a> from app_cli.o(.text.cli_setrflevel) referenced 2 times from app_cli.o(.data.commands)
 <LI><a href="#[12]">cli_setxotrim</a> from app_cli.o(.text.cli_setxotrim) referenced 2 times from app_cli.o(.data.commands)
 <LI><a href="#[29]">cli_startrxcount</a> from app_cli.o(.text.cli_startrxcount) referenced 2 times from app_cli.o(.data.commands)
 <LI><a href="#[27]">cli_stopburst</a> from app_cli.o(.text.cli_stopburst) referenced 2 times from app_cli.o(.data.commands)
 <LI><a href="#[2a]">cli_stoprxcount</a> from app_cli.o(.text.cli_stoprxcount) referenced 2 times from app_cli.o(.data.commands)
 <LI><a href="#[33]">cli_storeconfig</a> from app_cli.o(.text.cli_storeconfig) referenced 2 times from app_cli.o(.data.commands)
 <LI><a href="#[31]">cli_sweeprx</a> from app_cli.o(.text.cli_sweeprx) referenced 2 times from app_cli.o(.data.commands)
 <LI><a href="#[30]">cli_sweeptx</a> from app_cli.o(.text.cli_sweeptx) referenced 2 times from app_cli.o(.data.commands)
 <LI><a href="#[28]">cli_txstream</a> from app_cli.o(.text.cli_txstream) referenced 2 times from app_cli.o(.data.commands)
 <LI><a href="#[2e]">cli_writereg</a> from app_cli.o(.text.cli_writereg) referenced 2 times from app_cli.o(.data.commands)
 <LI><a href="#[6b]">fputc</a> from retarget.o(.text.fputc) referenced from printfa.o(i.__0printf)
 <LI><a href="#[6a]">isspace</a> from isspace_o.o(.text) referenced from strtod.o(.text)
 <LI><a href="#[65]">main</a> from main.o(.text.main) referenced from entry9a.o(.ARM.Collect$$$$0000000B)
</UL>
<P>
<H3>
Global Symbols
</H3>
<P><STRONG><a name="[67]"></a>__main</STRONG> (Thumb, 0 bytes, Stack size unknown bytes, entry.o(.ARM.Collect$$$$00000000))
<BR>[Address Reference Count : 1]<UL><LI> startup_tremo.o(.text)
</UL>
<P><STRONG><a name="[12b]"></a>_main_stk</STRONG> (Thumb, 0 bytes, Stack size unknown bytes, entry2.o(.ARM.Collect$$$$00000001))

<P><STRONG><a name="[6c]"></a>_main_scatterload</STRONG> (Thumb, 0 bytes, Stack size unknown bytes, entry5.o(.ARM.Collect$$$$00000004))
<BR><BR>[Calls]<UL><LI><a href="#[6d]">&gt;&gt;</a>&nbsp;&nbsp;&nbsp;__scatterload
</UL>

<P><STRONG><a name="[88]"></a>__main_after_scatterload</STRONG> (Thumb, 0 bytes, Stack size unknown bytes, entry5.o(.ARM.Collect$$$$00000004))
<BR><BR>[Called By]<UL><LI><a href="#[6d]">&gt;&gt;</a>&nbsp;&nbsp;&nbsp;__scatterload
</UL>

<P><STRONG><a name="[12c]"></a>_main_clock</STRONG> (Thumb, 0 bytes, Stack size unknown bytes, entry7b.o(.ARM.Collect$$$$00000008))

<P><STRONG><a name="[12d]"></a>_main_cpp_init</STRONG> (Thumb, 0 bytes, Stack size unknown bytes, entry8b.o(.ARM.Collect$$$$0000000A))

<P><STRONG><a name="[12e]"></a>_main_init</STRONG> (Thumb, 0 bytes, Stack size unknown bytes, entry9a.o(.ARM.Collect$$$$0000000B))

<P><STRONG><a name="[12f]"></a>__rt_final_cpp</STRONG> (Thumb, 0 bytes, Stack size unknown bytes, entry10a.o(.ARM.Collect$$$$0000000D))

<P><STRONG><a name="[130]"></a>__rt_final_exit</STRONG> (Thumb, 0 bytes, Stack size unknown bytes, entry11a.o(.ARM.Collect$$$$0000000F))

<P><STRONG><a name="[36]"></a>Reset_Handler</STRONG> (Thumb, 8 bytes, Stack size 0 bytes, startup_tremo.o(.text))
<BR>[Address Reference Count : 1]<UL><LI> startup_tremo.o(RESET)
</UL>
<P><STRONG><a name="[3d]"></a>DebugMon_Handler</STRONG> (Thumb, 2 bytes, Stack size 0 bytes, startup_tremo.o(.text))
<BR><BR>[Calls]<UL><LI><a href="#[3d]">&gt;&gt;</a>&nbsp;&nbsp;&nbsp;DebugMon_Handler
</UL>
<BR>[Called By]<UL><LI><a href="#[3d]">&gt;&gt;</a>&nbsp;&nbsp;&nbsp;DebugMon_Handler
</UL>
<BR>[Address Reference Count : 1]<UL><LI> startup_tremo.o(RESET)
</UL>
<P><STRONG><a name="[51]"></a>AFEC_IRQHandler</STRONG> (Thumb, 0 bytes, Stack size 0 bytes, startup_tremo.o(.text))
<BR><BR>[Calls]<UL><LI><a href="#[51]">&gt;&gt;</a>&nbsp;&nbsp;&nbsp;AFEC_IRQHandler
</UL>
<BR>[Called By]<UL><LI><a href="#[51]">&gt;&gt;</a>&nbsp;&nbsp;&nbsp;AFEC_IRQHandler
</UL>
<BR>[Address Reference Count : 1]<UL><LI> startup_tremo.o(RESET)
</UL>
<P><STRONG><a name="[5b]"></a>BSTIMER0_IRQHandler</STRONG> (Thumb, 0 bytes, Stack size 0 bytes, startup_tremo.o(.text))
<BR>[Address Reference Count : 1]<UL><LI> startup_tremo.o(RESET)
</UL>
<P><STRONG><a name="[5c]"></a>BSTIMER1_IRQHandler</STRONG> (Thumb, 0 bytes, Stack size 0 bytes, startup_tremo.o(.text))
<BR>[Address Reference Count : 1]<UL><LI> startup_tremo.o(RESET)
</UL>
<P><STRONG><a name="[54]"></a>DAC_IRQHandler</STRONG> (Thumb, 0 bytes, Stack size 0 bytes, startup_tremo.o(.text))
<BR>[Address Reference Count : 1]<UL><LI> startup_tremo.o(RESET)
</UL>
<P><STRONG><a name="[5f]"></a>DMA0_IRQHandler</STRONG> (Thumb, 0 bytes, Stack size 0 bytes, startup_tremo.o(.text))
<BR>[Address Reference Count : 1]<UL><LI> startup_tremo.o(RESET)
</UL>
<P><STRONG><a name="[131]"></a>DMA1IRQHandler</STRONG> (Thumb, 0 bytes, Stack size 0 bytes, startup_tremo.o(.text), UNUSED)

<P><STRONG><a name="[53]"></a>DMA1_IRQHandler</STRONG> (Thumb, 0 bytes, Stack size 0 bytes, startup_tremo.o(.text))
<BR>[Address Reference Count : 1]<UL><LI> startup_tremo.o(RESET)
</UL>
<P><STRONG><a name="[43]"></a>EFC_IRQHandler</STRONG> (Thumb, 0 bytes, Stack size 0 bytes, startup_tremo.o(.text))
<BR>[Address Reference Count : 1]<UL><LI> startup_tremo.o(RESET)
</UL>
<P><STRONG><a name="[56]"></a>GPIO_IRQHandler</STRONG> (Thumb, 0 bytes, Stack size 0 bytes, startup_tremo.o(.text))
<BR>[Address Reference Count : 1]<UL><LI> startup_tremo.o(RESET)
</UL>
<P><STRONG><a name="[4d]"></a>I2C0_IRQHandler</STRONG> (Thumb, 0 bytes, Stack size 0 bytes, startup_tremo.o(.text))
<BR>[Address Reference Count : 1]<UL><LI> startup_tremo.o(RESET)
</UL>
<P><STRONG><a name="[4e]"></a>I2C1_IRQHandler</STRONG> (Thumb, 0 bytes, Stack size 0 bytes, startup_tremo.o(.text))
<BR>[Address Reference Count : 1]<UL><LI> startup_tremo.o(RESET)
</UL>
<P><STRONG><a name="[45]"></a>I2C2_IRQHandler</STRONG> (Thumb, 0 bytes, Stack size 0 bytes, startup_tremo.o(.text))
<BR>[Address Reference Count : 1]<UL><LI> startup_tremo.o(RESET)
</UL>
<P><STRONG><a name="[60]"></a>I2S_IRQHandler</STRONG> (Thumb, 0 bytes, Stack size 0 bytes, startup_tremo.o(.text))
<BR>[Address Reference Count : 1]<UL><LI> startup_tremo.o(RESET)
</UL>
<P><STRONG><a name="[64]"></a>IWDG_IRQHandler</STRONG> (Thumb, 0 bytes, Stack size 0 bytes, startup_tremo.o(.text))
<BR>[Address Reference Count : 1]<UL><LI> startup_tremo.o(RESET)
</UL>
<P><STRONG><a name="[61]"></a>LCD_IRQHandler</STRONG> (Thumb, 0 bytes, Stack size 0 bytes, startup_tremo.o(.text))
<BR>[Address Reference Count : 1]<UL><LI> startup_tremo.o(RESET)
</UL>
<P><STRONG><a name="[5d]"></a>LPTIMER0_IRQHandler</STRONG> (Thumb, 0 bytes, Stack size 0 bytes, startup_tremo.o(.text))
<BR>[Address Reference Count : 1]<UL><LI> startup_tremo.o(RESET)
</UL>
<P><STRONG><a name="[63]"></a>LPTIMER1_IRQHandler</STRONG> (Thumb, 0 bytes, Stack size 0 bytes, startup_tremo.o(.text))
<BR>[Address Reference Count : 1]<UL><LI> startup_tremo.o(RESET)
</UL>
<P><STRONG><a name="[49]"></a>LPUART_IRQHandler</STRONG> (Thumb, 0 bytes, Stack size 0 bytes, startup_tremo.o(.text))
<BR>[Address Reference Count : 1]<UL><LI> startup_tremo.o(RESET)
</UL>
<P><STRONG><a name="[4c]"></a>QSPI_IRQHandler</STRONG> (Thumb, 0 bytes, Stack size 0 bytes, startup_tremo.o(.text))
<BR>[Address Reference Count : 1]<UL><LI> startup_tremo.o(RESET)
</UL>
<P><STRONG><a name="[41]"></a>RTC_IRQHandler</STRONG> (Thumb, 0 bytes, Stack size 0 bytes, startup_tremo.o(.text))
<BR>[Address Reference Count : 1]<UL><LI> startup_tremo.o(RESET)
</UL>
<P><STRONG><a name="[5e]"></a>SAC_IRQHandler</STRONG> (Thumb, 0 bytes, Stack size 0 bytes, startup_tremo.o(.text))
<BR>[Address Reference Count : 1]<UL><LI> startup_tremo.o(RESET)
</UL>
<P><STRONG><a name="[4f]"></a>SCC_IRQHandler</STRONG> (Thumb, 0 bytes, Stack size 0 bytes, startup_tremo.o(.text))
<BR>[Address Reference Count : 1]<UL><LI> startup_tremo.o(RESET)
</UL>
<P><STRONG><a name="[40]"></a>SEC_IRQHandler</STRONG> (Thumb, 0 bytes, Stack size 0 bytes, startup_tremo.o(.text))
<BR>[Address Reference Count : 1]<UL><LI> startup_tremo.o(RESET)
</UL>
<P><STRONG><a name="[4a]"></a>SSP0_IRQHandler</STRONG> (Thumb, 0 bytes, Stack size 0 bytes, startup_tremo.o(.text))
<BR>[Address Reference Count : 1]<UL><LI> startup_tremo.o(RESET)
</UL>
<P><STRONG><a name="[4b]"></a>SSP1_IRQHandler</STRONG> (Thumb, 0 bytes, Stack size 0 bytes, startup_tremo.o(.text))
<BR>[Address Reference Count : 1]<UL><LI> startup_tremo.o(RESET)
</UL>
<P><STRONG><a name="[52]"></a>SSP2_IRQHandler</STRONG> (Thumb, 0 bytes, Stack size 0 bytes, startup_tremo.o(.text))
<BR>[Address Reference Count : 1]<UL><LI> startup_tremo.o(RESET)
</UL>
<P><STRONG><a name="[58]"></a>TIMER1_IRQHandler</STRONG> (Thumb, 0 bytes, Stack size 0 bytes, startup_tremo.o(.text))
<BR>[Address Reference Count : 1]<UL><LI> startup_tremo.o(RESET)
</UL>
<P><STRONG><a name="[59]"></a>TIMER2_IRQHandler</STRONG> (Thumb, 0 bytes, Stack size 0 bytes, startup_tremo.o(.text))
<BR>[Address Reference Count : 1]<UL><LI> startup_tremo.o(RESET)
</UL>
<P><STRONG><a name="[5a]"></a>TIMER3_IRQHandler</STRONG> (Thumb, 0 bytes, Stack size 0 bytes, startup_tremo.o(.text))
<BR>[Address Reference Count : 1]<UL><LI> startup_tremo.o(RESET)
</UL>
<P><STRONG><a name="[48]"></a>UART2_IRQHandler</STRONG> (Thumb, 0 bytes, Stack size 0 bytes, startup_tremo.o(.text))
<BR>[Address Reference Count : 1]<UL><LI> startup_tremo.o(RESET)
</UL>
<P><STRONG><a name="[44]"></a>UART3_IRQHandler</STRONG> (Thumb, 0 bytes, Stack size 0 bytes, startup_tremo.o(.text))
<BR>[Address Reference Count : 1]<UL><LI> startup_tremo.o(RESET)
</UL>
<P><STRONG><a name="[42]"></a>WDG_IRQHandler</STRONG> (Thumb, 0 bytes, Stack size 0 bytes, startup_tremo.o(.text))
<BR>[Address Reference Count : 1]<UL><LI> startup_tremo.o(RESET)
</UL>
<P><STRONG><a name="[132]"></a>___aeabi_memcpy8$move</STRONG> (Thumb, 0 bytes, Stack size 8 bytes, memmovea.o(.text), UNUSED)

<P><STRONG><a name="[e5]"></a>__aeabi_memcpy</STRONG> (Thumb, 64 bytes, Stack size 8 bytes, memmovea.o(.text))
<BR><BR>[Stack]<UL><LI>Max Depth = 8<LI>Call Chain = __aeabi_memcpy
</UL>
<BR>[Called By]<UL><LI><a href="#[f4]">&gt;&gt;</a>&nbsp;&nbsp;&nbsp;flash_program_bytes
<LI><a href="#[e4]">&gt;&gt;</a>&nbsp;&nbsp;&nbsp;ciProcessInput
</UL>

<P><STRONG><a name="[118]"></a>__aeabi_memcpy4</STRONG> (Thumb, 0 bytes, Stack size 8 bytes, memmovea.o(.text))
<BR><BR>[Stack]<UL><LI>Max Depth = 8<LI>Call Chain = __aeabi_memcpy4
</UL>
<BR>[Called By]<UL><LI><a href="#[ca]">&gt;&gt;</a>&nbsp;&nbsp;&nbsp;writeconfig
<LI><a href="#[117]">&gt;&gt;</a>&nbsp;&nbsp;&nbsp;readconfig
</UL>

<P><STRONG><a name="[e9]"></a>__aeabi_memmove</STRONG> (Thumb, 0 bytes, Stack size 8 bytes, memmovea.o(.text))
<BR><BR>[Stack]<UL><LI>Max Depth = 8<LI>Call Chain = __aeabi_memmove
</UL>
<BR>[Called By]<UL><LI><a href="#[e4]">&gt;&gt;</a>&nbsp;&nbsp;&nbsp;ciProcessInput
</UL>

<P><STRONG><a name="[133]"></a>__aeabi_memmove4</STRONG> (Thumb, 0 bytes, Stack size 8 bytes, memmovea.o(.text), UNUSED)

<P><STRONG><a name="[134]"></a>__aeabi_memmove8</STRONG> (Thumb, 0 bytes, Stack size 8 bytes, memmovea.o(.text), UNUSED)

<P><STRONG><a name="[e8]"></a>strchr</STRONG> (Thumb, 20 bytes, Stack size 0 bytes, strchr.o(.text))
<BR><BR>[Called By]<UL><LI><a href="#[e4]">&gt;&gt;</a>&nbsp;&nbsp;&nbsp;ciProcessInput
</UL>

<P><STRONG><a name="[e2]"></a>strlen</STRONG> (Thumb, 14 bytes, Stack size 0 bytes, strlen.o(.text))
<BR><BR>[Called By]<UL><LI><a href="#[e4]">&gt;&gt;</a>&nbsp;&nbsp;&nbsp;ciProcessInput
<LI><a href="#[e1]">&gt;&gt;</a>&nbsp;&nbsp;&nbsp;ciPrintHelp
</UL>

<P><STRONG><a name="[e6]"></a>strspn</STRONG> (Thumb, 28 bytes, Stack size 12 bytes, strspn.o(.text))
<BR><BR>[Stack]<UL><LI>Max Depth = 12<LI>Call Chain = strspn
</UL>
<BR>[Called By]<UL><LI><a href="#[e4]">&gt;&gt;</a>&nbsp;&nbsp;&nbsp;ciProcessInput
</UL>

<P><STRONG><a name="[e7]"></a>strcspn</STRONG> (Thumb, 34 bytes, Stack size 12 bytes, strcspn.o(.text))
<BR><BR>[Stack]<UL><LI>Max Depth = 12<LI>Call Chain = strcspn
</UL>
<BR>[Called By]<UL><LI><a href="#[e4]">&gt;&gt;</a>&nbsp;&nbsp;&nbsp;ciProcessInput
</UL>

<P><STRONG><a name="[6e]"></a>strcasecmp</STRONG> (Thumb, 42 bytes, Stack size 24 bytes, strcasecmp.o(.text))
<BR><BR>[Stack]<UL><LI>Max Depth = 24<LI>Call Chain = strcasecmp
</UL>
<BR>[Calls]<UL><LI><a href="#[6f]">&gt;&gt;</a>&nbsp;&nbsp;&nbsp;tolower
</UL>
<BR>[Called By]<UL><LI><a href="#[e4]">&gt;&gt;</a>&nbsp;&nbsp;&nbsp;ciProcessInput
</UL>

<P><STRONG><a name="[70]"></a>strtol</STRONG> (Thumb, 112 bytes, Stack size 32 bytes, strtol.o(.text))
<BR><BR>[Stack]<UL><LI>Max Depth = 72<LI>Call Chain = strtol &rArr; _strtoul
</UL>
<BR>[Calls]<UL><LI><a href="#[72]">&gt;&gt;</a>&nbsp;&nbsp;&nbsp;_strtoul
<LI><a href="#[71]">&gt;&gt;</a>&nbsp;&nbsp;&nbsp;__rt_ctype_table
<LI><a href="#[73]">&gt;&gt;</a>&nbsp;&nbsp;&nbsp;__aeabi_errno_addr
</UL>
<BR>[Called By]<UL><LI><a href="#[e4]">&gt;&gt;</a>&nbsp;&nbsp;&nbsp;ciProcessInput
<LI><a href="#[df]">&gt;&gt;</a>&nbsp;&nbsp;&nbsp;ciGetSigned
</UL>

<P><STRONG><a name="[74]"></a>strtoul</STRONG> (Thumb, 114 bytes, Stack size 40 bytes, strtoul.o(.text))
<BR><BR>[Stack]<UL><LI>Max Depth = 80<LI>Call Chain = strtoul &rArr; _strtoul
</UL>
<BR>[Calls]<UL><LI><a href="#[72]">&gt;&gt;</a>&nbsp;&nbsp;&nbsp;_strtoul
<LI><a href="#[71]">&gt;&gt;</a>&nbsp;&nbsp;&nbsp;__rt_ctype_table
<LI><a href="#[73]">&gt;&gt;</a>&nbsp;&nbsp;&nbsp;__aeabi_errno_addr
</UL>
<BR>[Called By]<UL><LI><a href="#[e4]">&gt;&gt;</a>&nbsp;&nbsp;&nbsp;ciProcessInput
<LI><a href="#[e0]">&gt;&gt;</a>&nbsp;&nbsp;&nbsp;ciGetUnsigned
</UL>

<P><STRONG><a name="[75]"></a>__aeabi_dadd</STRONG> (Thumb, 322 bytes, Stack size 48 bytes, dadd.o(.text))
<BR><BR>[Stack]<UL><LI>Max Depth = 88<LI>Call Chain = __aeabi_dadd &rArr; _double_epilogue &rArr; _double_round
</UL>
<BR>[Calls]<UL><LI><a href="#[77]">&gt;&gt;</a>&nbsp;&nbsp;&nbsp;__aeabi_lasr
<LI><a href="#[76]">&gt;&gt;</a>&nbsp;&nbsp;&nbsp;__aeabi_llsl
<LI><a href="#[79]">&gt;&gt;</a>&nbsp;&nbsp;&nbsp;_double_round
<LI><a href="#[78]">&gt;&gt;</a>&nbsp;&nbsp;&nbsp;_double_epilogue
</UL>
<BR>[Called By]<UL><LI><a href="#[d4]">&gt;&gt;</a>&nbsp;&nbsp;&nbsp;adc_get_calibration_value
<LI><a href="#[7a]">&gt;&gt;</a>&nbsp;&nbsp;&nbsp;__aeabi_dsub
<LI><a href="#[7b]">&gt;&gt;</a>&nbsp;&nbsp;&nbsp;__aeabi_drsub
<LI><a href="#[126]">&gt;&gt;</a>&nbsp;&nbsp;&nbsp;_fp_digits
</UL>

<P><STRONG><a name="[7a]"></a>__aeabi_dsub</STRONG> (Thumb, 6 bytes, Stack size 0 bytes, dadd.o(.text))
<BR><BR>[Stack]<UL><LI>Max Depth = 88<LI>Call Chain = __aeabi_dsub &rArr; __aeabi_dadd &rArr; _double_epilogue &rArr; _double_round
</UL>
<BR>[Calls]<UL><LI><a href="#[75]">&gt;&gt;</a>&nbsp;&nbsp;&nbsp;__aeabi_dadd
</UL>
<BR>[Called By]<UL><LI><a href="#[50]">&gt;&gt;</a>&nbsp;&nbsp;&nbsp;ADC_IRQHandler
</UL>

<P><STRONG><a name="[7b]"></a>__aeabi_drsub</STRONG> (Thumb, 6 bytes, Stack size 0 bytes, dadd.o(.text), UNUSED)
<BR><BR>[Calls]<UL><LI><a href="#[75]">&gt;&gt;</a>&nbsp;&nbsp;&nbsp;__aeabi_dadd
</UL>

<P><STRONG><a name="[7c]"></a>__aeabi_dmul</STRONG> (Thumb, 228 bytes, Stack size 48 bytes, dmul.o(.text))
<BR><BR>[Stack]<UL><LI>Max Depth = 88<LI>Call Chain = __aeabi_dmul &rArr; _double_epilogue &rArr; _double_round
</UL>
<BR>[Calls]<UL><LI><a href="#[78]">&gt;&gt;</a>&nbsp;&nbsp;&nbsp;_double_epilogue
</UL>
<BR>[Called By]<UL><LI><a href="#[d4]">&gt;&gt;</a>&nbsp;&nbsp;&nbsp;adc_get_calibration_value
<LI><a href="#[50]">&gt;&gt;</a>&nbsp;&nbsp;&nbsp;ADC_IRQHandler
<LI><a href="#[8b]">&gt;&gt;</a>&nbsp;&nbsp;&nbsp;_fp_value
<LI><a href="#[126]">&gt;&gt;</a>&nbsp;&nbsp;&nbsp;_fp_digits
</UL>

<P><STRONG><a name="[7d]"></a>__aeabi_ddiv</STRONG> (Thumb, 222 bytes, Stack size 32 bytes, ddiv.o(.text))
<BR><BR>[Stack]<UL><LI>Max Depth = 40<LI>Call Chain = __aeabi_ddiv &rArr; _double_round
</UL>
<BR>[Calls]<UL><LI><a href="#[79]">&gt;&gt;</a>&nbsp;&nbsp;&nbsp;_double_round
</UL>
<BR>[Called By]<UL><LI><a href="#[a2]">&gt;&gt;</a>&nbsp;&nbsp;&nbsp;SX126X_FskConfig
<LI><a href="#[98]">&gt;&gt;</a>&nbsp;&nbsp;&nbsp;RADIO_SetAbsoluteFrequency
<LI><a href="#[108]">&gt;&gt;</a>&nbsp;&nbsp;&nbsp;radio_proc
<LI><a href="#[105]">&gt;&gt;</a>&nbsp;&nbsp;&nbsp;radio_init
<LI><a href="#[b1]">&gt;&gt;</a>&nbsp;&nbsp;&nbsp;SX126X_LoRaConfig
<LI><a href="#[50]">&gt;&gt;</a>&nbsp;&nbsp;&nbsp;ADC_IRQHandler
<LI><a href="#[8b]">&gt;&gt;</a>&nbsp;&nbsp;&nbsp;_fp_value
<LI><a href="#[126]">&gt;&gt;</a>&nbsp;&nbsp;&nbsp;_fp_digits
</UL>

<P><STRONG><a name="[7e]"></a>__aeabi_ui2d</STRONG> (Thumb, 26 bytes, Stack size 16 bytes, dfltui.o(.text))
<BR><BR>[Stack]<UL><LI>Max Depth = 56<LI>Call Chain = __aeabi_ui2d &rArr; _double_epilogue &rArr; _double_round
</UL>
<BR>[Calls]<UL><LI><a href="#[78]">&gt;&gt;</a>&nbsp;&nbsp;&nbsp;_double_epilogue
</UL>
<BR>[Called By]<UL><LI><a href="#[d4]">&gt;&gt;</a>&nbsp;&nbsp;&nbsp;adc_get_calibration_value
<LI><a href="#[a2]">&gt;&gt;</a>&nbsp;&nbsp;&nbsp;SX126X_FskConfig
<LI><a href="#[98]">&gt;&gt;</a>&nbsp;&nbsp;&nbsp;RADIO_SetAbsoluteFrequency
<LI><a href="#[108]">&gt;&gt;</a>&nbsp;&nbsp;&nbsp;radio_proc
<LI><a href="#[105]">&gt;&gt;</a>&nbsp;&nbsp;&nbsp;radio_init
<LI><a href="#[b1]">&gt;&gt;</a>&nbsp;&nbsp;&nbsp;SX126X_LoRaConfig
<LI><a href="#[50]">&gt;&gt;</a>&nbsp;&nbsp;&nbsp;ADC_IRQHandler
</UL>

<P><STRONG><a name="[7f]"></a>__aeabi_d2uiz</STRONG> (Thumb, 50 bytes, Stack size 8 bytes, dfixui.o(.text))
<BR><BR>[Stack]<UL><LI>Max Depth = 8<LI>Call Chain = __aeabi_d2uiz
</UL>
<BR>[Calls]<UL><LI><a href="#[80]">&gt;&gt;</a>&nbsp;&nbsp;&nbsp;__aeabi_llsr
</UL>
<BR>[Called By]<UL><LI><a href="#[a2]">&gt;&gt;</a>&nbsp;&nbsp;&nbsp;SX126X_FskConfig
<LI><a href="#[98]">&gt;&gt;</a>&nbsp;&nbsp;&nbsp;RADIO_SetAbsoluteFrequency
<LI><a href="#[108]">&gt;&gt;</a>&nbsp;&nbsp;&nbsp;radio_proc
<LI><a href="#[105]">&gt;&gt;</a>&nbsp;&nbsp;&nbsp;radio_init
<LI><a href="#[b1]">&gt;&gt;</a>&nbsp;&nbsp;&nbsp;SX126X_LoRaConfig
</UL>

<P><STRONG><a name="[92]"></a>__aeabi_f2d</STRONG> (Thumb, 38 bytes, Stack size 0 bytes, f2d.o(.text))
<BR><BR>[Called By]<UL><LI><a href="#[2c]">&gt;&gt;</a>&nbsp;&nbsp;&nbsp;cli_getvt
<LI><a href="#[14]">&gt;&gt;</a>&nbsp;&nbsp;&nbsp;cli_getfreqoffset
<LI><a href="#[13]">&gt;&gt;</a>&nbsp;&nbsp;&nbsp;cli_getRSSI
<LI><a href="#[10]">&gt;&gt;</a>&nbsp;&nbsp;&nbsp;cli_setatt
<LI><a href="#[f]">&gt;&gt;</a>&nbsp;&nbsp;&nbsp;cli_getatt
<LI><a href="#[e]">&gt;&gt;</a>&nbsp;&nbsp;&nbsp;cli_setrflevel
<LI><a href="#[d]">&gt;&gt;</a>&nbsp;&nbsp;&nbsp;cli_getrflevel
<LI><a href="#[108]">&gt;&gt;</a>&nbsp;&nbsp;&nbsp;radio_proc
<LI><a href="#[50]">&gt;&gt;</a>&nbsp;&nbsp;&nbsp;ADC_IRQHandler
</UL>

<P><STRONG><a name="[81]"></a>__aeabi_d2f</STRONG> (Thumb, 56 bytes, Stack size 8 bytes, d2f.o(.text))
<BR><BR>[Stack]<UL><LI>Max Depth = 8<LI>Call Chain = __aeabi_d2f
</UL>
<BR>[Calls]<UL><LI><a href="#[82]">&gt;&gt;</a>&nbsp;&nbsp;&nbsp;_float_round
</UL>
<BR>[Called By]<UL><LI><a href="#[d4]">&gt;&gt;</a>&nbsp;&nbsp;&nbsp;adc_get_calibration_value
<LI><a href="#[50]">&gt;&gt;</a>&nbsp;&nbsp;&nbsp;ADC_IRQHandler
<LI><a href="#[8d]">&gt;&gt;</a>&nbsp;&nbsp;&nbsp;_scanf_really_real
</UL>

<P><STRONG><a name="[135]"></a>__aeabi_uidiv</STRONG> (Thumb, 0 bytes, Stack size 12 bytes, uidiv.o(.text), UNUSED)

<P><STRONG><a name="[12a]"></a>__aeabi_uidivmod</STRONG> (Thumb, 44 bytes, Stack size 12 bytes, uidiv.o(.text), UNUSED)
<BR><BR>[Called By]<UL><LI><a href="#[125]">&gt;&gt;</a>&nbsp;&nbsp;&nbsp;_printf_core
</UL>

<P><STRONG><a name="[83]"></a>__aeabi_uldivmod</STRONG> (Thumb, 98 bytes, Stack size 40 bytes, uldiv.o(.text), UNUSED)
<BR><BR>[Calls]<UL><LI><a href="#[80]">&gt;&gt;</a>&nbsp;&nbsp;&nbsp;__aeabi_llsr
<LI><a href="#[76]">&gt;&gt;</a>&nbsp;&nbsp;&nbsp;__aeabi_llsl
</UL>
<BR>[Called By]<UL><LI><a href="#[125]">&gt;&gt;</a>&nbsp;&nbsp;&nbsp;_printf_core
<LI><a href="#[126]">&gt;&gt;</a>&nbsp;&nbsp;&nbsp;_fp_digits
</UL>

<P><STRONG><a name="[76]"></a>__aeabi_llsl</STRONG> (Thumb, 30 bytes, Stack size 0 bytes, llshl.o(.text))
<BR><BR>[Called By]<UL><LI><a href="#[75]">&gt;&gt;</a>&nbsp;&nbsp;&nbsp;__aeabi_dadd
<LI><a href="#[83]">&gt;&gt;</a>&nbsp;&nbsp;&nbsp;__aeabi_uldivmod
<LI><a href="#[78]">&gt;&gt;</a>&nbsp;&nbsp;&nbsp;_double_epilogue
<LI><a href="#[87]">&gt;&gt;</a>&nbsp;&nbsp;&nbsp;__aeabi_d2ulz
</UL>

<P><STRONG><a name="[136]"></a>_ll_shift_l</STRONG> (Thumb, 0 bytes, Stack size 0 bytes, llshl.o(.text), UNUSED)

<P><STRONG><a name="[80]"></a>__aeabi_llsr</STRONG> (Thumb, 32 bytes, Stack size 0 bytes, llushr.o(.text))
<BR><BR>[Called By]<UL><LI><a href="#[7f]">&gt;&gt;</a>&nbsp;&nbsp;&nbsp;__aeabi_d2uiz
<LI><a href="#[83]">&gt;&gt;</a>&nbsp;&nbsp;&nbsp;__aeabi_uldivmod
<LI><a href="#[78]">&gt;&gt;</a>&nbsp;&nbsp;&nbsp;_double_epilogue
<LI><a href="#[87]">&gt;&gt;</a>&nbsp;&nbsp;&nbsp;__aeabi_d2ulz
</UL>

<P><STRONG><a name="[137]"></a>_ll_ushift_r</STRONG> (Thumb, 0 bytes, Stack size 0 bytes, llushr.o(.text), UNUSED)

<P><STRONG><a name="[77]"></a>__aeabi_lasr</STRONG> (Thumb, 36 bytes, Stack size 0 bytes, llsshr.o(.text))
<BR><BR>[Called By]<UL><LI><a href="#[75]">&gt;&gt;</a>&nbsp;&nbsp;&nbsp;__aeabi_dadd
</UL>

<P><STRONG><a name="[138]"></a>_ll_sshift_r</STRONG> (Thumb, 0 bytes, Stack size 0 bytes, llsshr.o(.text), UNUSED)

<P><STRONG><a name="[71]"></a>__rt_ctype_table</STRONG> (Thumb, 4 bytes, Stack size 0 bytes, ctype_o.o(.text))
<BR><BR>[Called By]<UL><LI><a href="#[6a]">&gt;&gt;</a>&nbsp;&nbsp;&nbsp;isspace
<LI><a href="#[74]">&gt;&gt;</a>&nbsp;&nbsp;&nbsp;strtoul
<LI><a href="#[70]">&gt;&gt;</a>&nbsp;&nbsp;&nbsp;strtol
</UL>

<P><STRONG><a name="[6a]"></a>isspace</STRONG> (Thumb, 18 bytes, Stack size 8 bytes, isspace_o.o(.text))
<BR><BR>[Stack]<UL><LI>Max Depth = 8<LI>Call Chain = isspace
</UL>
<BR>[Calls]<UL><LI><a href="#[71]">&gt;&gt;</a>&nbsp;&nbsp;&nbsp;__rt_ctype_table
</UL>
<BR>[Address Reference Count : 1]<UL><LI> strtod.o(.text)
</UL>
<P><STRONG><a name="[6f]"></a>tolower</STRONG> (Thumb, 12 bytes, Stack size 0 bytes, tolower.o(.text))
<BR><BR>[Called By]<UL><LI><a href="#[6e]">&gt;&gt;</a>&nbsp;&nbsp;&nbsp;strcasecmp
</UL>

<P><STRONG><a name="[72]"></a>_strtoul</STRONG> (Thumb, 158 bytes, Stack size 40 bytes, _strtoul.o(.text))
<BR><BR>[Stack]<UL><LI>Max Depth = 40<LI>Call Chain = _strtoul
</UL>
<BR>[Calls]<UL><LI><a href="#[84]">&gt;&gt;</a>&nbsp;&nbsp;&nbsp;_chval
<LI><a href="#[73]">&gt;&gt;</a>&nbsp;&nbsp;&nbsp;__aeabi_errno_addr
</UL>
<BR>[Called By]<UL><LI><a href="#[74]">&gt;&gt;</a>&nbsp;&nbsp;&nbsp;strtoul
<LI><a href="#[70]">&gt;&gt;</a>&nbsp;&nbsp;&nbsp;strtol
</UL>

<P><STRONG><a name="[85]"></a>__strtof_int</STRONG> (Thumb, 8 bytes, Stack size 0 bytes, strtof.o(.text))
<BR><BR>[Stack]<UL><LI>Max Depth = 208<LI>Call Chain = __strtof_int &rArr; __strtod_int &rArr; _local_sscanf &rArr; _scanf_real
</UL>
<BR>[Calls]<UL><LI><a href="#[86]">&gt;&gt;</a>&nbsp;&nbsp;&nbsp;__strtod_int
</UL>
<BR>[Called By]<UL><LI><a href="#[de]">&gt;&gt;</a>&nbsp;&nbsp;&nbsp;__hardfp_strtof
</UL>

<P><STRONG><a name="[139]"></a>__I$use$fp</STRONG> (Thumb, 0 bytes, Stack size 0 bytes, iusefp.o(.text), UNUSED)

<P><STRONG><a name="[82]"></a>_float_round</STRONG> (Thumb, 18 bytes, Stack size 0 bytes, fepilogue.o(.text))
<BR><BR>[Called By]<UL><LI><a href="#[81]">&gt;&gt;</a>&nbsp;&nbsp;&nbsp;__aeabi_d2f
</UL>

<P><STRONG><a name="[13a]"></a>_float_epilogue</STRONG> (Thumb, 92 bytes, Stack size 4 bytes, fepilogue.o(.text), UNUSED)

<P><STRONG><a name="[79]"></a>_double_round</STRONG> (Thumb, 30 bytes, Stack size 8 bytes, depilogue.o(.text))
<BR><BR>[Stack]<UL><LI>Max Depth = 8<LI>Call Chain = _double_round
</UL>
<BR>[Called By]<UL><LI><a href="#[75]">&gt;&gt;</a>&nbsp;&nbsp;&nbsp;__aeabi_dadd
<LI><a href="#[7d]">&gt;&gt;</a>&nbsp;&nbsp;&nbsp;__aeabi_ddiv
<LI><a href="#[78]">&gt;&gt;</a>&nbsp;&nbsp;&nbsp;_double_epilogue
</UL>

<P><STRONG><a name="[78]"></a>_double_epilogue</STRONG> (Thumb, 156 bytes, Stack size 32 bytes, depilogue.o(.text))
<BR><BR>[Stack]<UL><LI>Max Depth = 40<LI>Call Chain = _double_epilogue &rArr; _double_round
</UL>
<BR>[Calls]<UL><LI><a href="#[80]">&gt;&gt;</a>&nbsp;&nbsp;&nbsp;__aeabi_llsr
<LI><a href="#[76]">&gt;&gt;</a>&nbsp;&nbsp;&nbsp;__aeabi_llsl
<LI><a href="#[79]">&gt;&gt;</a>&nbsp;&nbsp;&nbsp;_double_round
</UL>
<BR>[Called By]<UL><LI><a href="#[75]">&gt;&gt;</a>&nbsp;&nbsp;&nbsp;__aeabi_dadd
<LI><a href="#[7c]">&gt;&gt;</a>&nbsp;&nbsp;&nbsp;__aeabi_dmul
<LI><a href="#[7e]">&gt;&gt;</a>&nbsp;&nbsp;&nbsp;__aeabi_ui2d
<LI><a href="#[8c]">&gt;&gt;</a>&nbsp;&nbsp;&nbsp;__aeabi_ul2d
</UL>

<P><STRONG><a name="[87]"></a>__aeabi_d2ulz</STRONG> (Thumb, 48 bytes, Stack size 0 bytes, dfixul.o(.text), UNUSED)
<BR><BR>[Calls]<UL><LI><a href="#[80]">&gt;&gt;</a>&nbsp;&nbsp;&nbsp;__aeabi_llsr
<LI><a href="#[76]">&gt;&gt;</a>&nbsp;&nbsp;&nbsp;__aeabi_llsl
</UL>
<BR>[Called By]<UL><LI><a href="#[126]">&gt;&gt;</a>&nbsp;&nbsp;&nbsp;_fp_digits
</UL>

<P><STRONG><a name="[127]"></a>__aeabi_cdrcmple</STRONG> (Thumb, 48 bytes, Stack size 0 bytes, cdrcmple.o(.text), UNUSED)
<BR><BR>[Called By]<UL><LI><a href="#[126]">&gt;&gt;</a>&nbsp;&nbsp;&nbsp;_fp_digits
</UL>

<P><STRONG><a name="[6d]"></a>__scatterload</STRONG> (Thumb, 38 bytes, Stack size 0 bytes, init.o(.text))
<BR><BR>[Calls]<UL><LI><a href="#[88]">&gt;&gt;</a>&nbsp;&nbsp;&nbsp;__main_after_scatterload
</UL>
<BR>[Called By]<UL><LI><a href="#[6c]">&gt;&gt;</a>&nbsp;&nbsp;&nbsp;_main_scatterload
</UL>

<P><STRONG><a name="[13b]"></a>__scatterload_rt2</STRONG> (Thumb, 0 bytes, Stack size 0 bytes, init.o(.text), UNUSED)

<P><STRONG><a name="[84]"></a>_chval</STRONG> (Thumb, 28 bytes, Stack size 0 bytes, _chval.o(.text))
<BR><BR>[Called By]<UL><LI><a href="#[72]">&gt;&gt;</a>&nbsp;&nbsp;&nbsp;_strtoul
</UL>

<P><STRONG><a name="[86]"></a>__strtod_int</STRONG> (Thumb, 94 bytes, Stack size 40 bytes, strtod.o(.text))
<BR><BR>[Stack]<UL><LI>Max Depth = 208<LI>Call Chain = __strtod_int &rArr; _local_sscanf &rArr; _scanf_real
</UL>
<BR>[Calls]<UL><LI><a href="#[89]">&gt;&gt;</a>&nbsp;&nbsp;&nbsp;_local_sscanf
</UL>
<BR>[Called By]<UL><LI><a href="#[85]">&gt;&gt;</a>&nbsp;&nbsp;&nbsp;__strtof_int
</UL>

<P><STRONG><a name="[8a]"></a>_scanf_real</STRONG> (Thumb, 0 bytes, Stack size 104 bytes, scanf_fp.o(.text))
<BR><BR>[Stack]<UL><LI>Max Depth = 104<LI>Call Chain = _scanf_real
</UL>
<BR>[Called By]<UL><LI><a href="#[89]">&gt;&gt;</a>&nbsp;&nbsp;&nbsp;_local_sscanf
</UL>

<P><STRONG><a name="[8d]"></a>_scanf_really_real</STRONG> (Thumb, 556 bytes, Stack size 104 bytes, scanf_fp.o(.text), UNUSED)
<BR><BR>[Calls]<UL><LI><a href="#[81]">&gt;&gt;</a>&nbsp;&nbsp;&nbsp;__aeabi_d2f
<LI><a href="#[8e]">&gt;&gt;</a>&nbsp;&nbsp;&nbsp;_is_digit
<LI><a href="#[8b]">&gt;&gt;</a>&nbsp;&nbsp;&nbsp;_fp_value
</UL>

<P><STRONG><a name="[68]"></a>_sgetc</STRONG> (Thumb, 30 bytes, Stack size 0 bytes, _sgetc.o(.text))
<BR>[Address Reference Count : 1]<UL><LI> strtod.o(.text)
</UL>
<P><STRONG><a name="[69]"></a>_sbackspace</STRONG> (Thumb, 34 bytes, Stack size 0 bytes, _sgetc.o(.text))
<BR>[Address Reference Count : 1]<UL><LI> strtod.o(.text)
</UL>
<P><STRONG><a name="[8c]"></a>__aeabi_ul2d</STRONG> (Thumb, 24 bytes, Stack size 16 bytes, dfltul.o(.text), UNUSED)
<BR><BR>[Calls]<UL><LI><a href="#[78]">&gt;&gt;</a>&nbsp;&nbsp;&nbsp;_double_epilogue
</UL>
<BR>[Called By]<UL><LI><a href="#[8b]">&gt;&gt;</a>&nbsp;&nbsp;&nbsp;_fp_value
</UL>

<P><STRONG><a name="[13c]"></a>__decompress</STRONG> (Thumb, 0 bytes, Stack size unknown bytes, __dczerorl2.o(.text), UNUSED)

<P><STRONG><a name="[13d]"></a>__decompress1</STRONG> (Thumb, 86 bytes, Stack size unknown bytes, __dczerorl2.o(.text), UNUSED)

<P><STRONG><a name="[50]"></a>ADC_IRQHandler</STRONG> (Thumb, 112 bytes, Stack size 32 bytes, adc.o(.text.ADC_IRQHandler))
<BR><BR>[Stack]<UL><LI>Max Depth = 120<LI>Call Chain = ADC_IRQHandler &rArr; __aeabi_dmul &rArr; _double_epilogue &rArr; _double_round
</UL>
<BR>[Calls]<UL><LI><a href="#[81]">&gt;&gt;</a>&nbsp;&nbsp;&nbsp;__aeabi_d2f
<LI><a href="#[7c]">&gt;&gt;</a>&nbsp;&nbsp;&nbsp;__aeabi_dmul
<LI><a href="#[7e]">&gt;&gt;</a>&nbsp;&nbsp;&nbsp;__aeabi_ui2d
<LI><a href="#[91]">&gt;&gt;</a>&nbsp;&nbsp;&nbsp;adc_get_data
<LI><a href="#[90]">&gt;&gt;</a>&nbsp;&nbsp;&nbsp;adc_clear_interrupt_status
<LI><a href="#[8f]">&gt;&gt;</a>&nbsp;&nbsp;&nbsp;adc_get_interrupt_status
<LI><a href="#[92]">&gt;&gt;</a>&nbsp;&nbsp;&nbsp;__aeabi_f2d
<LI><a href="#[7d]">&gt;&gt;</a>&nbsp;&nbsp;&nbsp;__aeabi_ddiv
<LI><a href="#[7a]">&gt;&gt;</a>&nbsp;&nbsp;&nbsp;__aeabi_dsub
</UL>
<BR>[Address Reference Count : 1]<UL><LI> startup_tremo.o(RESET)
</UL>
<P><STRONG><a name="[3a]"></a>BusFault_Handler</STRONG> (Thumb, 2 bytes, Stack size 0 bytes, tremo_it.o(.text.BusFault_Handler))
<BR><BR>[Calls]<UL><LI><a href="#[3a]">&gt;&gt;</a>&nbsp;&nbsp;&nbsp;BusFault_Handler
</UL>
<BR>[Called By]<UL><LI><a href="#[3a]">&gt;&gt;</a>&nbsp;&nbsp;&nbsp;BusFault_Handler
</UL>
<BR>[Address Reference Count : 1]<UL><LI> startup_tremo.o(RESET)
</UL>
<P><STRONG><a name="[38]"></a>HardFault_Handler</STRONG> (Thumb, 16 bytes, Stack size 0 bytes, tremo_it.o(.text.HardFault_Handler))
<BR><BR>[Stack]<UL><LI>Max Depth = 24<LI>Call Chain = HardFault_Handler &rArr; puts &rArr; fputc
</UL>
<BR>[Calls]<UL><LI><a href="#[95]">&gt;&gt;</a>&nbsp;&nbsp;&nbsp;__NVIC_SystemReset
<LI><a href="#[94]">&gt;&gt;</a>&nbsp;&nbsp;&nbsp;delay_ms
<LI><a href="#[93]">&gt;&gt;</a>&nbsp;&nbsp;&nbsp;puts
</UL>
<BR>[Address Reference Count : 1]<UL><LI> startup_tremo.o(RESET)
</UL>
<P><STRONG><a name="[55]"></a>LORA_IRQHandler</STRONG> (Thumb, 50 bytes, Stack size 8 bytes, radio_proc.o(.text.LORA_IRQHandler))
<BR><BR>[Stack]<UL><LI>Max Depth = 56<LI>Call Chain = LORA_IRQHandler &rArr; SX126X_ClearIrqStatus &rArr; SX126X_writeCmd
</UL>
<BR>[Calls]<UL><LI><a href="#[97]">&gt;&gt;</a>&nbsp;&nbsp;&nbsp;SX126X_ClearIrqStatus
<LI><a href="#[96]">&gt;&gt;</a>&nbsp;&nbsp;&nbsp;SX126X_GetIrqStatus
</UL>
<BR>[Address Reference Count : 1]<UL><LI> startup_tremo.o(RESET)
</UL>
<P><STRONG><a name="[39]"></a>MemManage_Handler</STRONG> (Thumb, 2 bytes, Stack size 0 bytes, tremo_it.o(.text.MemManage_Handler))
<BR><BR>[Calls]<UL><LI><a href="#[39]">&gt;&gt;</a>&nbsp;&nbsp;&nbsp;MemManage_Handler
</UL>
<BR>[Called By]<UL><LI><a href="#[39]">&gt;&gt;</a>&nbsp;&nbsp;&nbsp;MemManage_Handler
</UL>
<BR>[Address Reference Count : 1]<UL><LI> startup_tremo.o(RESET)
</UL>
<P><STRONG><a name="[37]"></a>NMI_Handler</STRONG> (Thumb, 2 bytes, Stack size 0 bytes, tremo_it.o(.text.NMI_Handler))
<BR>[Address Reference Count : 1]<UL><LI> startup_tremo.o(RESET)
</UL>
<P><STRONG><a name="[62]"></a>PWR_IRQHandler</STRONG> (Thumb, 2 bytes, Stack size 0 bytes, tremo_it.o(.text.PWR_IRQHandler))
<BR>[Address Reference Count : 1]<UL><LI> startup_tremo.o(RESET)
</UL>
<P><STRONG><a name="[3e]"></a>PendSV_Handler</STRONG> (Thumb, 2 bytes, Stack size 0 bytes, tremo_it.o(.text.PendSV_Handler))
<BR>[Address Reference Count : 1]<UL><LI> startup_tremo.o(RESET)
</UL>
<P><STRONG><a name="[98]"></a>RADIO_SetAbsoluteFrequency</STRONG> (Thumb, 40 bytes, Stack size 8 bytes, radio_proc.o(.text.RADIO_SetAbsoluteFrequency))
<BR><BR>[Stack]<UL><LI>Max Depth = 64<LI>Call Chain = RADIO_SetAbsoluteFrequency &rArr; __aeabi_ui2d &rArr; _double_epilogue &rArr; _double_round
</UL>
<BR>[Calls]<UL><LI><a href="#[7e]">&gt;&gt;</a>&nbsp;&nbsp;&nbsp;__aeabi_ui2d
<LI><a href="#[99]">&gt;&gt;</a>&nbsp;&nbsp;&nbsp;SX126X_SetRfFrequency
<LI><a href="#[7f]">&gt;&gt;</a>&nbsp;&nbsp;&nbsp;__aeabi_d2uiz
<LI><a href="#[7d]">&gt;&gt;</a>&nbsp;&nbsp;&nbsp;__aeabi_ddiv
</UL>
<BR>[Called By]<UL><LI><a href="#[31]">&gt;&gt;</a>&nbsp;&nbsp;&nbsp;cli_sweeprx
<LI><a href="#[30]">&gt;&gt;</a>&nbsp;&nbsp;&nbsp;cli_sweeptx
<LI><a href="#[a]">&gt;&gt;</a>&nbsp;&nbsp;&nbsp;cli_setfreq
</UL>

<P><STRONG><a name="[9a]"></a>RADIO_setctune</STRONG> (Thumb, 86 bytes, Stack size 16 bytes, radio_proc.o(.text.RADIO_setctune))
<BR><BR>[Stack]<UL><LI>Max Depth = 64<LI>Call Chain = RADIO_setctune &rArr; SX126X_setopmode &rArr; SX126X_SetRx &rArr; SX126X_writeCmd
</UL>
<BR>[Calls]<UL><LI><a href="#[9c]">&gt;&gt;</a>&nbsp;&nbsp;&nbsp;SX126X_writeReg
<LI><a href="#[9b]">&gt;&gt;</a>&nbsp;&nbsp;&nbsp;SX126X_setopmode
</UL>
<BR>[Called By]<UL><LI><a href="#[12]">&gt;&gt;</a>&nbsp;&nbsp;&nbsp;cli_setxotrim
</UL>

<P><STRONG><a name="[9d]"></a>RETARGET_ReadChar</STRONG> (Thumb, 98 bytes, Stack size 8 bytes, retarget.o(.text.RETARGET_ReadChar))
<BR><BR>[Stack]<UL><LI>Max Depth = 56<LI>Call Chain = RETARGET_ReadChar &rArr; myuart_init &rArr; uart_init
</UL>
<BR>[Calls]<UL><LI><a href="#[9e]">&gt;&gt;</a>&nbsp;&nbsp;&nbsp;myuart_init
</UL>
<BR>[Called By]<UL><LI><a href="#[ec]">&gt;&gt;</a>&nbsp;&nbsp;&nbsp;cli_proc
</UL>

<P><STRONG><a name="[9f]"></a>RETARGET_SerialInit</STRONG> (Thumb, 44 bytes, Stack size 8 bytes, retarget.o(.text.RETARGET_SerialInit))
<BR><BR>[Stack]<UL><LI>Max Depth = 56<LI>Call Chain = RETARGET_SerialInit &rArr; myuart_init &rArr; uart_init
</UL>
<BR>[Calls]<UL><LI><a href="#[9e]">&gt;&gt;</a>&nbsp;&nbsp;&nbsp;myuart_init
</UL>
<BR>[Called By]<UL><LI><a href="#[f6]">&gt;&gt;</a>&nbsp;&nbsp;&nbsp;init_peripherals
</UL>

<P><STRONG><a name="[3c]"></a>SVC_Handler</STRONG> (Thumb, 2 bytes, Stack size 0 bytes, tremo_it.o(.text.SVC_Handler))
<BR>[Address Reference Count : 1]<UL><LI> startup_tremo.o(RESET)
</UL>
<P><STRONG><a name="[a0]"></a>SX126X_CalibrateImage</STRONG> (Thumb, 28 bytes, Stack size 16 bytes, sx126x.o(.text.SX126X_CalibrateImage))
<BR><BR>[Stack]<UL><LI>Max Depth = 48<LI>Call Chain = SX126X_CalibrateImage &rArr; SX126X_writeCmd
</UL>
<BR>[Calls]<UL><LI><a href="#[a1]">&gt;&gt;</a>&nbsp;&nbsp;&nbsp;SX126X_writeCmd
</UL>
<BR>[Called By]<UL><LI><a href="#[c7]">&gt;&gt;</a>&nbsp;&nbsp;&nbsp;SX126X_config
</UL>

<P><STRONG><a name="[97]"></a>SX126X_ClearIrqStatus</STRONG> (Thumb, 26 bytes, Stack size 16 bytes, sx126x.o(.text.SX126X_ClearIrqStatus))
<BR><BR>[Stack]<UL><LI>Max Depth = 48<LI>Call Chain = SX126X_ClearIrqStatus &rArr; SX126X_writeCmd
</UL>
<BR>[Calls]<UL><LI><a href="#[a1]">&gt;&gt;</a>&nbsp;&nbsp;&nbsp;SX126X_writeCmd
</UL>
<BR>[Called By]<UL><LI><a href="#[55]">&gt;&gt;</a>&nbsp;&nbsp;&nbsp;LORA_IRQHandler
</UL>

<P><STRONG><a name="[a2]"></a>SX126X_FskConfig</STRONG> (Thumb, 152 bytes, Stack size 40 bytes, sx126x_proc.o(.text.SX126X_FskConfig))
<BR><BR>[Stack]<UL><LI>Max Depth = 104<LI>Call Chain = SX126X_FskConfig &rArr; SX126X_SetFskPacketParams &rArr; SX126X_writeCmd
</UL>
<BR>[Calls]<UL><LI><a href="#[7e]">&gt;&gt;</a>&nbsp;&nbsp;&nbsp;__aeabi_ui2d
<LI><a href="#[a4]">&gt;&gt;</a>&nbsp;&nbsp;&nbsp;SX126X_SetBufferBaseAddress
<LI><a href="#[a9]">&gt;&gt;</a>&nbsp;&nbsp;&nbsp;SX126X_SetFskCrcWhitening
<LI><a href="#[a7]">&gt;&gt;</a>&nbsp;&nbsp;&nbsp;SX126X_SetFskSyncWord
<LI><a href="#[a8]">&gt;&gt;</a>&nbsp;&nbsp;&nbsp;SX126X_SetFskAddr
<LI><a href="#[a6]">&gt;&gt;</a>&nbsp;&nbsp;&nbsp;SX126X_SetFskPacketParams
<LI><a href="#[a5]">&gt;&gt;</a>&nbsp;&nbsp;&nbsp;SX126X_SetFskModParams
<LI><a href="#[a3]">&gt;&gt;</a>&nbsp;&nbsp;&nbsp;SX126X_SetPacketType
<LI><a href="#[99]">&gt;&gt;</a>&nbsp;&nbsp;&nbsp;SX126X_SetRfFrequency
<LI><a href="#[7f]">&gt;&gt;</a>&nbsp;&nbsp;&nbsp;__aeabi_d2uiz
<LI><a href="#[7d]">&gt;&gt;</a>&nbsp;&nbsp;&nbsp;__aeabi_ddiv
</UL>
<BR>[Called By]<UL><LI><a href="#[28]">&gt;&gt;</a>&nbsp;&nbsp;&nbsp;cli_txstream
<LI><a href="#[c7]">&gt;&gt;</a>&nbsp;&nbsp;&nbsp;SX126X_config
</UL>

<P><STRONG><a name="[aa]"></a>SX126X_GetFreqOffset</STRONG> (Thumb, 140 bytes, Stack size 16 bytes, sx126x_proc.o(.text.SX126X_GetFreqOffset))
<BR><BR>[Stack]<UL><LI>Max Depth = 48<LI>Call Chain = SX126X_GetFreqOffset &rArr; SX126X_readRegs
</UL>
<BR>[Calls]<UL><LI><a href="#[ab]">&gt;&gt;</a>&nbsp;&nbsp;&nbsp;SX126X_readRegs
</UL>
<BR>[Called By]<UL><LI><a href="#[14]">&gt;&gt;</a>&nbsp;&nbsp;&nbsp;cli_getfreqoffset
</UL>

<P><STRONG><a name="[ac]"></a>SX126X_GetFskPacketStatus</STRONG> (Thumb, 50 bytes, Stack size 24 bytes, sx126x.o(.text.SX126X_GetFskPacketStatus))
<BR><BR>[Stack]<UL><LI>Max Depth = 56<LI>Call Chain = SX126X_GetFskPacketStatus &rArr; SX126X_readCmd
</UL>
<BR>[Calls]<UL><LI><a href="#[ad]">&gt;&gt;</a>&nbsp;&nbsp;&nbsp;SX126X_readCmd
</UL>
<BR>[Called By]<UL><LI><a href="#[108]">&gt;&gt;</a>&nbsp;&nbsp;&nbsp;radio_proc
</UL>

<P><STRONG><a name="[96]"></a>SX126X_GetIrqStatus</STRONG> (Thumb, 28 bytes, Stack size 16 bytes, sx126x.o(.text.SX126X_GetIrqStatus))
<BR><BR>[Stack]<UL><LI>Max Depth = 48<LI>Call Chain = SX126X_GetIrqStatus &rArr; SX126X_readCmd
</UL>
<BR>[Calls]<UL><LI><a href="#[ad]">&gt;&gt;</a>&nbsp;&nbsp;&nbsp;SX126X_readCmd
</UL>
<BR>[Called By]<UL><LI><a href="#[55]">&gt;&gt;</a>&nbsp;&nbsp;&nbsp;LORA_IRQHandler
</UL>

<P><STRONG><a name="[ae]"></a>SX126X_GetLoRaPacketStatus</STRONG> (Thumb, 50 bytes, Stack size 24 bytes, sx126x.o(.text.SX126X_GetLoRaPacketStatus))
<BR><BR>[Stack]<UL><LI>Max Depth = 56<LI>Call Chain = SX126X_GetLoRaPacketStatus &rArr; SX126X_readCmd
</UL>
<BR>[Calls]<UL><LI><a href="#[ad]">&gt;&gt;</a>&nbsp;&nbsp;&nbsp;SX126X_readCmd
</UL>
<BR>[Called By]<UL><LI><a href="#[108]">&gt;&gt;</a>&nbsp;&nbsp;&nbsp;radio_proc
</UL>

<P><STRONG><a name="[af]"></a>SX126X_GetRssiInst</STRONG> (Thumb, 24 bytes, Stack size 16 bytes, sx126x.o(.text.SX126X_GetRssiInst))
<BR><BR>[Stack]<UL><LI>Max Depth = 48<LI>Call Chain = SX126X_GetRssiInst &rArr; SX126X_readCmd
</UL>
<BR>[Calls]<UL><LI><a href="#[ad]">&gt;&gt;</a>&nbsp;&nbsp;&nbsp;SX126X_readCmd
</UL>
<BR>[Called By]<UL><LI><a href="#[13]">&gt;&gt;</a>&nbsp;&nbsp;&nbsp;cli_getRSSI
<LI><a href="#[108]">&gt;&gt;</a>&nbsp;&nbsp;&nbsp;radio_proc
</UL>

<P><STRONG><a name="[b0]"></a>SX126X_GetStatus</STRONG> (Thumb, 24 bytes, Stack size 16 bytes, sx126x.o(.text.SX126X_GetStatus))
<BR><BR>[Stack]<UL><LI>Max Depth = 48<LI>Call Chain = SX126X_GetStatus &rArr; SX126X_readCmd
</UL>
<BR>[Calls]<UL><LI><a href="#[ad]">&gt;&gt;</a>&nbsp;&nbsp;&nbsp;SX126X_readCmd
</UL>
<BR>[Called By]<UL><LI><a href="#[15]">&gt;&gt;</a>&nbsp;&nbsp;&nbsp;cli_getstatus
</UL>

<P><STRONG><a name="[b1]"></a>SX126X_LoRaConfig</STRONG> (Thumb, 112 bytes, Stack size 16 bytes, sx126x_proc.o(.text.SX126X_LoRaConfig))
<BR><BR>[Stack]<UL><LI>Max Depth = 72<LI>Call Chain = SX126X_LoRaConfig &rArr; __aeabi_ui2d &rArr; _double_epilogue &rArr; _double_round
</UL>
<BR>[Calls]<UL><LI><a href="#[7e]">&gt;&gt;</a>&nbsp;&nbsp;&nbsp;__aeabi_ui2d
<LI><a href="#[9c]">&gt;&gt;</a>&nbsp;&nbsp;&nbsp;SX126X_writeReg
<LI><a href="#[a4]">&gt;&gt;</a>&nbsp;&nbsp;&nbsp;SX126X_SetBufferBaseAddress
<LI><a href="#[b3]">&gt;&gt;</a>&nbsp;&nbsp;&nbsp;SX126X_SetLoRaPacketParams
<LI><a href="#[b2]">&gt;&gt;</a>&nbsp;&nbsp;&nbsp;SX126X_SetLoRaModParams
<LI><a href="#[a3]">&gt;&gt;</a>&nbsp;&nbsp;&nbsp;SX126X_SetPacketType
<LI><a href="#[99]">&gt;&gt;</a>&nbsp;&nbsp;&nbsp;SX126X_SetRfFrequency
<LI><a href="#[7f]">&gt;&gt;</a>&nbsp;&nbsp;&nbsp;__aeabi_d2uiz
<LI><a href="#[7d]">&gt;&gt;</a>&nbsp;&nbsp;&nbsp;__aeabi_ddiv
</UL>
<BR>[Called By]<UL><LI><a href="#[c7]">&gt;&gt;</a>&nbsp;&nbsp;&nbsp;SX126X_config
</UL>

<P><STRONG><a name="[a4]"></a>SX126X_SetBufferBaseAddress</STRONG> (Thumb, 28 bytes, Stack size 16 bytes, sx126x.o(.text.SX126X_SetBufferBaseAddress))
<BR><BR>[Stack]<UL><LI>Max Depth = 48<LI>Call Chain = SX126X_SetBufferBaseAddress &rArr; SX126X_writeCmd
</UL>
<BR>[Calls]<UL><LI><a href="#[a1]">&gt;&gt;</a>&nbsp;&nbsp;&nbsp;SX126X_writeCmd
</UL>
<BR>[Called By]<UL><LI><a href="#[a2]">&gt;&gt;</a>&nbsp;&nbsp;&nbsp;SX126X_FskConfig
<LI><a href="#[b1]">&gt;&gt;</a>&nbsp;&nbsp;&nbsp;SX126X_LoRaConfig
</UL>

<P><STRONG><a name="[b4]"></a>SX126X_SetCW</STRONG> (Thumb, 20 bytes, Stack size 8 bytes, sx126x.o(.text.SX126X_SetCW))
<BR><BR>[Stack]<UL><LI>Max Depth = 40<LI>Call Chain = SX126X_SetCW &rArr; SX126X_writeCmd
</UL>
<BR>[Calls]<UL><LI><a href="#[b5]">&gt;&gt;</a>&nbsp;&nbsp;&nbsp;SX126X_rfsw_tx
<LI><a href="#[a1]">&gt;&gt;</a>&nbsp;&nbsp;&nbsp;SX126X_writeCmd
</UL>
<BR>[Called By]<UL><LI><a href="#[9b]">&gt;&gt;</a>&nbsp;&nbsp;&nbsp;SX126X_setopmode
</UL>

<P><STRONG><a name="[b6]"></a>SX126X_SetDIO2AsRfSwitchCtrl</STRONG> (Thumb, 24 bytes, Stack size 16 bytes, sx126x.o(.text.SX126X_SetDIO2AsRfSwitchCtrl))
<BR><BR>[Stack]<UL><LI>Max Depth = 48<LI>Call Chain = SX126X_SetDIO2AsRfSwitchCtrl &rArr; SX126X_writeCmd
</UL>
<BR>[Calls]<UL><LI><a href="#[a1]">&gt;&gt;</a>&nbsp;&nbsp;&nbsp;SX126X_writeCmd
</UL>
<BR>[Called By]<UL><LI><a href="#[c7]">&gt;&gt;</a>&nbsp;&nbsp;&nbsp;SX126X_config
</UL>

<P><STRONG><a name="[b7]"></a>SX126X_SetDioIrqParams</STRONG> (Thumb, 60 bytes, Stack size 16 bytes, sx126x.o(.text.SX126X_SetDioIrqParams))
<BR><BR>[Stack]<UL><LI>Max Depth = 48<LI>Call Chain = SX126X_SetDioIrqParams &rArr; SX126X_writeCmd
</UL>
<BR>[Calls]<UL><LI><a href="#[a1]">&gt;&gt;</a>&nbsp;&nbsp;&nbsp;SX126X_writeCmd
</UL>
<BR>[Called By]<UL><LI><a href="#[c7]">&gt;&gt;</a>&nbsp;&nbsp;&nbsp;SX126X_config
</UL>

<P><STRONG><a name="[b8]"></a>SX126X_SetFs</STRONG> (Thumb, 10 bytes, Stack size 0 bytes, sx126x.o(.text.SX126X_SetFs))
<BR><BR>[Stack]<UL><LI>Max Depth = 32<LI>Call Chain = SX126X_SetFs &rArr; SX126X_writeCmd
</UL>
<BR>[Calls]<UL><LI><a href="#[a1]">&gt;&gt;</a>&nbsp;&nbsp;&nbsp;SX126X_writeCmd
</UL>
<BR>[Called By]<UL><LI><a href="#[9b]">&gt;&gt;</a>&nbsp;&nbsp;&nbsp;SX126X_setopmode
</UL>

<P><STRONG><a name="[a8]"></a>SX126X_SetFskAddr</STRONG> (Thumb, 28 bytes, Stack size 8 bytes, sx126x.o(.text.SX126X_SetFskAddr))
<BR><BR>[Stack]<UL><LI>Max Depth = 32<LI>Call Chain = SX126X_SetFskAddr &rArr; SX126X_writeReg
</UL>
<BR>[Calls]<UL><LI><a href="#[9c]">&gt;&gt;</a>&nbsp;&nbsp;&nbsp;SX126X_writeReg
</UL>
<BR>[Called By]<UL><LI><a href="#[a2]">&gt;&gt;</a>&nbsp;&nbsp;&nbsp;SX126X_FskConfig
</UL>

<P><STRONG><a name="[a9]"></a>SX126X_SetFskCrcWhitening</STRONG> (Thumb, 88 bytes, Stack size 16 bytes, sx126x.o(.text.SX126X_SetFskCrcWhitening))
<BR><BR>[Stack]<UL><LI>Max Depth = 40<LI>Call Chain = SX126X_SetFskCrcWhitening &rArr; SX126X_writeReg
</UL>
<BR>[Calls]<UL><LI><a href="#[9c]">&gt;&gt;</a>&nbsp;&nbsp;&nbsp;SX126X_writeReg
<LI><a href="#[b9]">&gt;&gt;</a>&nbsp;&nbsp;&nbsp;SX126X_readReg
</UL>
<BR>[Called By]<UL><LI><a href="#[a2]">&gt;&gt;</a>&nbsp;&nbsp;&nbsp;SX126X_FskConfig
</UL>

<P><STRONG><a name="[a5]"></a>SX126X_SetFskModParams</STRONG> (Thumb, 136 bytes, Stack size 24 bytes, sx126x.o(.text.SX126X_SetFskModParams))
<BR><BR>[Stack]<UL><LI>Max Depth = 56<LI>Call Chain = SX126X_SetFskModParams &rArr; SX126X_writeCmd
</UL>
<BR>[Calls]<UL><LI><a href="#[a1]">&gt;&gt;</a>&nbsp;&nbsp;&nbsp;SX126X_writeCmd
</UL>
<BR>[Called By]<UL><LI><a href="#[a2]">&gt;&gt;</a>&nbsp;&nbsp;&nbsp;SX126X_FskConfig
</UL>

<P><STRONG><a name="[a6]"></a>SX126X_SetFskPacketParams</STRONG> (Thumb, 100 bytes, Stack size 32 bytes, sx126x.o(.text.SX126X_SetFskPacketParams))
<BR><BR>[Stack]<UL><LI>Max Depth = 64<LI>Call Chain = SX126X_SetFskPacketParams &rArr; SX126X_writeCmd
</UL>
<BR>[Calls]<UL><LI><a href="#[a1]">&gt;&gt;</a>&nbsp;&nbsp;&nbsp;SX126X_writeCmd
</UL>
<BR>[Called By]<UL><LI><a href="#[a2]">&gt;&gt;</a>&nbsp;&nbsp;&nbsp;SX126X_FskConfig
</UL>

<P><STRONG><a name="[a7]"></a>SX126X_SetFskSyncWord</STRONG> (Thumb, 88 bytes, Stack size 8 bytes, sx126x.o(.text.SX126X_SetFskSyncWord))
<BR><BR>[Stack]<UL><LI>Max Depth = 32<LI>Call Chain = SX126X_SetFskSyncWord &rArr; SX126X_writeReg
</UL>
<BR>[Calls]<UL><LI><a href="#[9c]">&gt;&gt;</a>&nbsp;&nbsp;&nbsp;SX126X_writeReg
</UL>
<BR>[Called By]<UL><LI><a href="#[a2]">&gt;&gt;</a>&nbsp;&nbsp;&nbsp;SX126X_FskConfig
</UL>

<P><STRONG><a name="[b2]"></a>SX126X_SetLoRaModParams</STRONG> (Thumb, 86 bytes, Stack size 16 bytes, sx126x.o(.text.SX126X_SetLoRaModParams))
<BR><BR>[Stack]<UL><LI>Max Depth = 48<LI>Call Chain = SX126X_SetLoRaModParams &rArr; SX126X_writeCmd
</UL>
<BR>[Calls]<UL><LI><a href="#[9c]">&gt;&gt;</a>&nbsp;&nbsp;&nbsp;SX126X_writeReg
<LI><a href="#[b9]">&gt;&gt;</a>&nbsp;&nbsp;&nbsp;SX126X_readReg
<LI><a href="#[a1]">&gt;&gt;</a>&nbsp;&nbsp;&nbsp;SX126X_writeCmd
</UL>
<BR>[Called By]<UL><LI><a href="#[b1]">&gt;&gt;</a>&nbsp;&nbsp;&nbsp;SX126X_LoRaConfig
</UL>

<P><STRONG><a name="[b3]"></a>SX126X_SetLoRaPacketParams</STRONG> (Thumb, 80 bytes, Stack size 24 bytes, sx126x.o(.text.SX126X_SetLoRaPacketParams))
<BR><BR>[Stack]<UL><LI>Max Depth = 56<LI>Call Chain = SX126X_SetLoRaPacketParams &rArr; SX126X_writeCmd
</UL>
<BR>[Calls]<UL><LI><a href="#[9c]">&gt;&gt;</a>&nbsp;&nbsp;&nbsp;SX126X_writeReg
<LI><a href="#[b9]">&gt;&gt;</a>&nbsp;&nbsp;&nbsp;SX126X_readReg
<LI><a href="#[a1]">&gt;&gt;</a>&nbsp;&nbsp;&nbsp;SX126X_writeCmd
</UL>
<BR>[Called By]<UL><LI><a href="#[b1]">&gt;&gt;</a>&nbsp;&nbsp;&nbsp;SX126X_LoRaConfig
</UL>

<P><STRONG><a name="[ba]"></a>SX126X_SetPaConfig</STRONG> (Thumb, 42 bytes, Stack size 16 bytes, sx126x.o(.text.SX126X_SetPaConfig))
<BR><BR>[Stack]<UL><LI>Max Depth = 48<LI>Call Chain = SX126X_SetPaConfig &rArr; SX126X_writeCmd
</UL>
<BR>[Calls]<UL><LI><a href="#[a1]">&gt;&gt;</a>&nbsp;&nbsp;&nbsp;SX126X_writeCmd
</UL>
<BR>[Called By]<UL><LI><a href="#[34]">&gt;&gt;</a>&nbsp;&nbsp;&nbsp;cli_setpaconfig
<LI><a href="#[11a]">&gt;&gt;</a>&nbsp;&nbsp;&nbsp;set_source_level
</UL>

<P><STRONG><a name="[a3]"></a>SX126X_SetPacketType</STRONG> (Thumb, 24 bytes, Stack size 16 bytes, sx126x.o(.text.SX126X_SetPacketType))
<BR><BR>[Stack]<UL><LI>Max Depth = 48<LI>Call Chain = SX126X_SetPacketType &rArr; SX126X_writeCmd
</UL>
<BR>[Calls]<UL><LI><a href="#[a1]">&gt;&gt;</a>&nbsp;&nbsp;&nbsp;SX126X_writeCmd
</UL>
<BR>[Called By]<UL><LI><a href="#[a2]">&gt;&gt;</a>&nbsp;&nbsp;&nbsp;SX126X_FskConfig
<LI><a href="#[b1]">&gt;&gt;</a>&nbsp;&nbsp;&nbsp;SX126X_LoRaConfig
</UL>

<P><STRONG><a name="[bb]"></a>SX126X_SetRegulatorMode</STRONG> (Thumb, 30 bytes, Stack size 16 bytes, sx126x.o(.text.SX126X_SetRegulatorMode))
<BR><BR>[Stack]<UL><LI>Max Depth = 48<LI>Call Chain = SX126X_SetRegulatorMode &rArr; SX126X_writeCmd
</UL>
<BR>[Calls]<UL><LI><a href="#[a1]">&gt;&gt;</a>&nbsp;&nbsp;&nbsp;SX126X_writeCmd
</UL>
<BR>[Called By]<UL><LI><a href="#[c7]">&gt;&gt;</a>&nbsp;&nbsp;&nbsp;SX126X_config
</UL>

<P><STRONG><a name="[99]"></a>SX126X_SetRfFrequency</STRONG> (Thumb, 22 bytes, Stack size 16 bytes, sx126x.o(.text.SX126X_SetRfFrequency))
<BR><BR>[Stack]<UL><LI>Max Depth = 48<LI>Call Chain = SX126X_SetRfFrequency &rArr; SX126X_writeCmd
</UL>
<BR>[Calls]<UL><LI><a href="#[a1]">&gt;&gt;</a>&nbsp;&nbsp;&nbsp;SX126X_writeCmd
</UL>
<BR>[Called By]<UL><LI><a href="#[a2]">&gt;&gt;</a>&nbsp;&nbsp;&nbsp;SX126X_FskConfig
<LI><a href="#[98]">&gt;&gt;</a>&nbsp;&nbsp;&nbsp;RADIO_SetAbsoluteFrequency
<LI><a href="#[108]">&gt;&gt;</a>&nbsp;&nbsp;&nbsp;radio_proc
<LI><a href="#[105]">&gt;&gt;</a>&nbsp;&nbsp;&nbsp;radio_init
<LI><a href="#[b1]">&gt;&gt;</a>&nbsp;&nbsp;&nbsp;SX126X_LoRaConfig
</UL>

<P><STRONG><a name="[bc]"></a>SX126X_SetRx</STRONG> (Thumb, 52 bytes, Stack size 16 bytes, sx126x.o(.text.SX126X_SetRx))
<BR><BR>[Stack]<UL><LI>Max Depth = 48<LI>Call Chain = SX126X_SetRx &rArr; SX126X_writeCmd
</UL>
<BR>[Calls]<UL><LI><a href="#[bd]">&gt;&gt;</a>&nbsp;&nbsp;&nbsp;SX126X_rfsw_rx
<LI><a href="#[a1]">&gt;&gt;</a>&nbsp;&nbsp;&nbsp;SX126X_writeCmd
</UL>
<BR>[Called By]<UL><LI><a href="#[9b]">&gt;&gt;</a>&nbsp;&nbsp;&nbsp;SX126X_setopmode
<LI><a href="#[c7]">&gt;&gt;</a>&nbsp;&nbsp;&nbsp;SX126X_config
</UL>

<P><STRONG><a name="[be]"></a>SX126X_SetSleep</STRONG> (Thumb, 28 bytes, Stack size 16 bytes, sx126x.o(.text.SX126X_SetSleep))
<BR><BR>[Stack]<UL><LI>Max Depth = 48<LI>Call Chain = SX126X_SetSleep &rArr; SX126X_writeCmd
</UL>
<BR>[Calls]<UL><LI><a href="#[a1]">&gt;&gt;</a>&nbsp;&nbsp;&nbsp;SX126X_writeCmd
</UL>
<BR>[Called By]<UL><LI><a href="#[9b]">&gt;&gt;</a>&nbsp;&nbsp;&nbsp;SX126X_setopmode
</UL>

<P><STRONG><a name="[bf]"></a>SX126X_SetStandby</STRONG> (Thumb, 30 bytes, Stack size 16 bytes, sx126x.o(.text.SX126X_SetStandby))
<BR><BR>[Stack]<UL><LI>Max Depth = 48<LI>Call Chain = SX126X_SetStandby &rArr; SX126X_writeCmd
</UL>
<BR>[Calls]<UL><LI><a href="#[a1]">&gt;&gt;</a>&nbsp;&nbsp;&nbsp;SX126X_writeCmd
</UL>
<BR>[Called By]<UL><LI><a href="#[9b]">&gt;&gt;</a>&nbsp;&nbsp;&nbsp;SX126X_setopmode
<LI><a href="#[c7]">&gt;&gt;</a>&nbsp;&nbsp;&nbsp;SX126X_config
</UL>

<P><STRONG><a name="[c0]"></a>SX126X_SetTx</STRONG> (Thumb, 52 bytes, Stack size 16 bytes, sx126x.o(.text.SX126X_SetTx))
<BR><BR>[Stack]<UL><LI>Max Depth = 48<LI>Call Chain = SX126X_SetTx &rArr; SX126X_writeCmd
</UL>
<BR>[Calls]<UL><LI><a href="#[b5]">&gt;&gt;</a>&nbsp;&nbsp;&nbsp;SX126X_rfsw_tx
<LI><a href="#[a1]">&gt;&gt;</a>&nbsp;&nbsp;&nbsp;SX126X_writeCmd
</UL>
<BR>[Called By]<UL><LI><a href="#[9b]">&gt;&gt;</a>&nbsp;&nbsp;&nbsp;SX126X_setopmode
</UL>

<P><STRONG><a name="[c1]"></a>SX126X_SetTxInfinitePreamble</STRONG> (Thumb, 20 bytes, Stack size 8 bytes, sx126x.o(.text.SX126X_SetTxInfinitePreamble))
<BR><BR>[Stack]<UL><LI>Max Depth = 40<LI>Call Chain = SX126X_SetTxInfinitePreamble &rArr; SX126X_writeCmd
</UL>
<BR>[Calls]<UL><LI><a href="#[b5]">&gt;&gt;</a>&nbsp;&nbsp;&nbsp;SX126X_rfsw_tx
<LI><a href="#[a1]">&gt;&gt;</a>&nbsp;&nbsp;&nbsp;SX126X_writeCmd
</UL>
<BR>[Called By]<UL><LI><a href="#[9b]">&gt;&gt;</a>&nbsp;&nbsp;&nbsp;SX126X_setopmode
</UL>

<P><STRONG><a name="[c2]"></a>SX126X_SetTxParams</STRONG> (Thumb, 62 bytes, Stack size 24 bytes, sx126x.o(.text.SX126X_SetTxParams))
<BR><BR>[Stack]<UL><LI>Max Depth = 56<LI>Call Chain = SX126X_SetTxParams &rArr; SX126X_writeCmd
</UL>
<BR>[Calls]<UL><LI><a href="#[9c]">&gt;&gt;</a>&nbsp;&nbsp;&nbsp;SX126X_writeReg
<LI><a href="#[b9]">&gt;&gt;</a>&nbsp;&nbsp;&nbsp;SX126X_readReg
<LI><a href="#[a1]">&gt;&gt;</a>&nbsp;&nbsp;&nbsp;SX126X_writeCmd
</UL>
<BR>[Called By]<UL><LI><a href="#[c]">&gt;&gt;</a>&nbsp;&nbsp;&nbsp;cli_setpower
<LI><a href="#[c7]">&gt;&gt;</a>&nbsp;&nbsp;&nbsp;SX126X_config
<LI><a href="#[11a]">&gt;&gt;</a>&nbsp;&nbsp;&nbsp;set_source_level
</UL>

<P><STRONG><a name="[c3]"></a>SX126X_Wakeup</STRONG> (Thumb, 44 bytes, Stack size 8 bytes, sx126x_interface.o(.text.SX126X_Wakeup))
<BR><BR>[Stack]<UL><LI>Max Depth = 24<LI>Call Chain = SX126X_Wakeup &rArr; lorac_wait_on_busy &rArr; delay_us
</UL>
<BR>[Calls]<UL><LI><a href="#[c4]">&gt;&gt;</a>&nbsp;&nbsp;&nbsp;delay_us
<LI><a href="#[c6]">&gt;&gt;</a>&nbsp;&nbsp;&nbsp;lorac_wait_on_busy
<LI><a href="#[c5]">&gt;&gt;</a>&nbsp;&nbsp;&nbsp;lorac_transfer
</UL>
<BR>[Called By]<UL><LI><a href="#[c7]">&gt;&gt;</a>&nbsp;&nbsp;&nbsp;SX126X_config
</UL>

<P><STRONG><a name="[c7]"></a>SX126X_config</STRONG> (Thumb, 230 bytes, Stack size 16 bytes, sx126x_proc.o(.text.SX126X_config))
<BR><BR>[Stack]<UL><LI>Max Depth = 120<LI>Call Chain = SX126X_config &rArr; SX126X_FskConfig &rArr; SX126X_SetFskPacketParams &rArr; SX126X_writeCmd
</UL>
<BR>[Calls]<UL><LI><a href="#[9c]">&gt;&gt;</a>&nbsp;&nbsp;&nbsp;SX126X_writeReg
<LI><a href="#[a2]">&gt;&gt;</a>&nbsp;&nbsp;&nbsp;SX126X_FskConfig
<LI><a href="#[c2]">&gt;&gt;</a>&nbsp;&nbsp;&nbsp;SX126X_SetTxParams
<LI><a href="#[94]">&gt;&gt;</a>&nbsp;&nbsp;&nbsp;delay_ms
<LI><a href="#[b1]">&gt;&gt;</a>&nbsp;&nbsp;&nbsp;SX126X_LoRaConfig
<LI><a href="#[c3]">&gt;&gt;</a>&nbsp;&nbsp;&nbsp;SX126X_Wakeup
<LI><a href="#[b6]">&gt;&gt;</a>&nbsp;&nbsp;&nbsp;SX126X_SetDIO2AsRfSwitchCtrl
<LI><a href="#[b7]">&gt;&gt;</a>&nbsp;&nbsp;&nbsp;SX126X_SetDioIrqParams
<LI><a href="#[a0]">&gt;&gt;</a>&nbsp;&nbsp;&nbsp;SX126X_CalibrateImage
<LI><a href="#[bb]">&gt;&gt;</a>&nbsp;&nbsp;&nbsp;SX126X_SetRegulatorMode
<LI><a href="#[bc]">&gt;&gt;</a>&nbsp;&nbsp;&nbsp;SX126X_SetRx
<LI><a href="#[bf]">&gt;&gt;</a>&nbsp;&nbsp;&nbsp;SX126X_SetStandby
<LI><a href="#[c8]">&gt;&gt;</a>&nbsp;&nbsp;&nbsp;lorac_reset
</UL>
<BR>[Called By]<UL><LI><a href="#[25]">&gt;&gt;</a>&nbsp;&nbsp;&nbsp;cli_fs_setcrcwhite
<LI><a href="#[23]">&gt;&gt;</a>&nbsp;&nbsp;&nbsp;cli_fs_setsync
<LI><a href="#[21]">&gt;&gt;</a>&nbsp;&nbsp;&nbsp;cli_fs_setaddr
<LI><a href="#[1f]">&gt;&gt;</a>&nbsp;&nbsp;&nbsp;cli_fs_setpacketparams
<LI><a href="#[1d]">&gt;&gt;</a>&nbsp;&nbsp;&nbsp;cli_fs_setmodparams
<LI><a href="#[19]">&gt;&gt;</a>&nbsp;&nbsp;&nbsp;cli_lr_setpacketparams
<LI><a href="#[17]">&gt;&gt;</a>&nbsp;&nbsp;&nbsp;cli_lr_setmodparams
<LI><a href="#[6]">&gt;&gt;</a>&nbsp;&nbsp;&nbsp;cli_setmodem
<LI><a href="#[105]">&gt;&gt;</a>&nbsp;&nbsp;&nbsp;radio_init
</UL>

<P><STRONG><a name="[c9]"></a>SX126X_initconfigstructure</STRONG> (Thumb, 196 bytes, Stack size 8 bytes, sx126x_proc.o(.text.SX126X_initconfigstructure))
<BR><BR>[Stack]<UL><LI>Max Depth = 72<LI>Call Chain = SX126X_initconfigstructure &rArr; writeconfig &rArr; flash_program_bytes &rArr; __aeabi_memcpy
</UL>
<BR>[Calls]<UL><LI><a href="#[ca]">&gt;&gt;</a>&nbsp;&nbsp;&nbsp;writeconfig
<LI><a href="#[93]">&gt;&gt;</a>&nbsp;&nbsp;&nbsp;puts
</UL>
<BR>[Called By]<UL><LI><a href="#[32]">&gt;&gt;</a>&nbsp;&nbsp;&nbsp;cli_initconfig
<LI><a href="#[105]">&gt;&gt;</a>&nbsp;&nbsp;&nbsp;radio_init
</UL>

<P><STRONG><a name="[cb]"></a>SX126X_readBuffer</STRONG> (Thumb, 144 bytes, Stack size 24 bytes, sx126x_interface.o(.text.SX126X_readBuffer))
<BR><BR>[Stack]<UL><LI>Max Depth = 24<LI>Call Chain = SX126X_readBuffer
</UL>
<BR>[Calls]<UL><LI><a href="#[c5]">&gt;&gt;</a>&nbsp;&nbsp;&nbsp;lorac_transfer
</UL>
<BR>[Called By]<UL><LI><a href="#[108]">&gt;&gt;</a>&nbsp;&nbsp;&nbsp;radio_proc
</UL>

<P><STRONG><a name="[ad]"></a>SX126X_readCmd</STRONG> (Thumb, 150 bytes, Stack size 32 bytes, sx126x_interface.o(.text.SX126X_readCmd))
<BR><BR>[Stack]<UL><LI>Max Depth = 32<LI>Call Chain = SX126X_readCmd
</UL>
<BR>[Calls]<UL><LI><a href="#[c5]">&gt;&gt;</a>&nbsp;&nbsp;&nbsp;lorac_transfer
</UL>
<BR>[Called By]<UL><LI><a href="#[b0]">&gt;&gt;</a>&nbsp;&nbsp;&nbsp;SX126X_GetStatus
<LI><a href="#[af]">&gt;&gt;</a>&nbsp;&nbsp;&nbsp;SX126X_GetRssiInst
<LI><a href="#[96]">&gt;&gt;</a>&nbsp;&nbsp;&nbsp;SX126X_GetIrqStatus
<LI><a href="#[ac]">&gt;&gt;</a>&nbsp;&nbsp;&nbsp;SX126X_GetFskPacketStatus
<LI><a href="#[ae]">&gt;&gt;</a>&nbsp;&nbsp;&nbsp;SX126X_GetLoRaPacketStatus
</UL>

<P><STRONG><a name="[b9]"></a>SX126X_readReg</STRONG> (Thumb, 128 bytes, Stack size 24 bytes, sx126x_interface.o(.text.SX126X_readReg))
<BR><BR>[Stack]<UL><LI>Max Depth = 24<LI>Call Chain = SX126X_readReg
</UL>
<BR>[Calls]<UL><LI><a href="#[c5]">&gt;&gt;</a>&nbsp;&nbsp;&nbsp;lorac_transfer
</UL>
<BR>[Called By]<UL><LI><a href="#[2f]">&gt;&gt;</a>&nbsp;&nbsp;&nbsp;cli_dumpregs
<LI><a href="#[2d]">&gt;&gt;</a>&nbsp;&nbsp;&nbsp;cli_readreg
<LI><a href="#[11]">&gt;&gt;</a>&nbsp;&nbsp;&nbsp;cli_getxotrim
<LI><a href="#[c2]">&gt;&gt;</a>&nbsp;&nbsp;&nbsp;SX126X_SetTxParams
<LI><a href="#[b3]">&gt;&gt;</a>&nbsp;&nbsp;&nbsp;SX126X_SetLoRaPacketParams
<LI><a href="#[a9]">&gt;&gt;</a>&nbsp;&nbsp;&nbsp;SX126X_SetFskCrcWhitening
<LI><a href="#[b2]">&gt;&gt;</a>&nbsp;&nbsp;&nbsp;SX126X_SetLoRaModParams
</UL>

<P><STRONG><a name="[ab]"></a>SX126X_readRegs</STRONG> (Thumb, 154 bytes, Stack size 32 bytes, sx126x_interface.o(.text.SX126X_readRegs))
<BR><BR>[Stack]<UL><LI>Max Depth = 32<LI>Call Chain = SX126X_readRegs
</UL>
<BR>[Calls]<UL><LI><a href="#[c5]">&gt;&gt;</a>&nbsp;&nbsp;&nbsp;lorac_transfer
</UL>
<BR>[Called By]<UL><LI><a href="#[aa]">&gt;&gt;</a>&nbsp;&nbsp;&nbsp;SX126X_GetFreqOffset
</UL>

<P><STRONG><a name="[bd]"></a>SX126X_rfsw_rx</STRONG> (Thumb, 4 bytes, Stack size 0 bytes, sx126x_interface.o(.text.SX126X_rfsw_rx))
<BR><BR>[Calls]<UL><LI><a href="#[cc]">&gt;&gt;</a>&nbsp;&nbsp;&nbsp;lorac_rfsw_rx
</UL>
<BR>[Called By]<UL><LI><a href="#[bc]">&gt;&gt;</a>&nbsp;&nbsp;&nbsp;SX126X_SetRx
</UL>

<P><STRONG><a name="[b5]"></a>SX126X_rfsw_tx</STRONG> (Thumb, 4 bytes, Stack size 0 bytes, sx126x_interface.o(.text.SX126X_rfsw_tx))
<BR><BR>[Calls]<UL><LI><a href="#[cd]">&gt;&gt;</a>&nbsp;&nbsp;&nbsp;lorac_rfsw_tx
</UL>
<BR>[Called By]<UL><LI><a href="#[c1]">&gt;&gt;</a>&nbsp;&nbsp;&nbsp;SX126X_SetTxInfinitePreamble
<LI><a href="#[b4]">&gt;&gt;</a>&nbsp;&nbsp;&nbsp;SX126X_SetCW
<LI><a href="#[c0]">&gt;&gt;</a>&nbsp;&nbsp;&nbsp;SX126X_SetTx
</UL>

<P><STRONG><a name="[9b]"></a>SX126X_setopmode</STRONG> (Thumb, 164 bytes, Stack size 0 bytes, sx126x_proc.o(.text.SX126X_setopmode))
<BR><BR>[Stack]<UL><LI>Max Depth = 48<LI>Call Chain = SX126X_setopmode &rArr; SX126X_SetRx &rArr; SX126X_writeCmd
</UL>
<BR>[Calls]<UL><LI><a href="#[c1]">&gt;&gt;</a>&nbsp;&nbsp;&nbsp;SX126X_SetTxInfinitePreamble
<LI><a href="#[b4]">&gt;&gt;</a>&nbsp;&nbsp;&nbsp;SX126X_SetCW
<LI><a href="#[bc]">&gt;&gt;</a>&nbsp;&nbsp;&nbsp;SX126X_SetRx
<LI><a href="#[c0]">&gt;&gt;</a>&nbsp;&nbsp;&nbsp;SX126X_SetTx
<LI><a href="#[b8]">&gt;&gt;</a>&nbsp;&nbsp;&nbsp;SX126X_SetFs
<LI><a href="#[bf]">&gt;&gt;</a>&nbsp;&nbsp;&nbsp;SX126X_SetStandby
<LI><a href="#[be]">&gt;&gt;</a>&nbsp;&nbsp;&nbsp;SX126X_SetSleep
</UL>
<BR>[Called By]<UL><LI><a href="#[30]">&gt;&gt;</a>&nbsp;&nbsp;&nbsp;cli_sweeptx
<LI><a href="#[28]">&gt;&gt;</a>&nbsp;&nbsp;&nbsp;cli_txstream
<LI><a href="#[9a]">&gt;&gt;</a>&nbsp;&nbsp;&nbsp;RADIO_setctune
<LI><a href="#[8]">&gt;&gt;</a>&nbsp;&nbsp;&nbsp;cli_setopmode
<LI><a href="#[108]">&gt;&gt;</a>&nbsp;&nbsp;&nbsp;radio_proc
</UL>

<P><STRONG><a name="[ce]"></a>SX126X_writeBuffer</STRONG> (Thumb, 134 bytes, Stack size 24 bytes, sx126x_interface.o(.text.SX126X_writeBuffer))
<BR><BR>[Stack]<UL><LI>Max Depth = 24<LI>Call Chain = SX126X_writeBuffer
</UL>
<BR>[Calls]<UL><LI><a href="#[c5]">&gt;&gt;</a>&nbsp;&nbsp;&nbsp;lorac_transfer
</UL>
<BR>[Called By]<UL><LI><a href="#[108]">&gt;&gt;</a>&nbsp;&nbsp;&nbsp;radio_proc
</UL>

<P><STRONG><a name="[a1]"></a>SX126X_writeCmd</STRONG> (Thumb, 160 bytes, Stack size 32 bytes, sx126x_interface.o(.text.SX126X_writeCmd))
<BR><BR>[Stack]<UL><LI>Max Depth = 32<LI>Call Chain = SX126X_writeCmd
</UL>
<BR>[Calls]<UL><LI><a href="#[c5]">&gt;&gt;</a>&nbsp;&nbsp;&nbsp;lorac_transfer
</UL>
<BR>[Called By]<UL><LI><a href="#[ba]">&gt;&gt;</a>&nbsp;&nbsp;&nbsp;SX126X_SetPaConfig
<LI><a href="#[c2]">&gt;&gt;</a>&nbsp;&nbsp;&nbsp;SX126X_SetTxParams
<LI><a href="#[a4]">&gt;&gt;</a>&nbsp;&nbsp;&nbsp;SX126X_SetBufferBaseAddress
<LI><a href="#[b3]">&gt;&gt;</a>&nbsp;&nbsp;&nbsp;SX126X_SetLoRaPacketParams
<LI><a href="#[a6]">&gt;&gt;</a>&nbsp;&nbsp;&nbsp;SX126X_SetFskPacketParams
<LI><a href="#[b2]">&gt;&gt;</a>&nbsp;&nbsp;&nbsp;SX126X_SetLoRaModParams
<LI><a href="#[a5]">&gt;&gt;</a>&nbsp;&nbsp;&nbsp;SX126X_SetFskModParams
<LI><a href="#[a3]">&gt;&gt;</a>&nbsp;&nbsp;&nbsp;SX126X_SetPacketType
<LI><a href="#[b6]">&gt;&gt;</a>&nbsp;&nbsp;&nbsp;SX126X_SetDIO2AsRfSwitchCtrl
<LI><a href="#[b7]">&gt;&gt;</a>&nbsp;&nbsp;&nbsp;SX126X_SetDioIrqParams
<LI><a href="#[a0]">&gt;&gt;</a>&nbsp;&nbsp;&nbsp;SX126X_CalibrateImage
<LI><a href="#[bb]">&gt;&gt;</a>&nbsp;&nbsp;&nbsp;SX126X_SetRegulatorMode
<LI><a href="#[c1]">&gt;&gt;</a>&nbsp;&nbsp;&nbsp;SX126X_SetTxInfinitePreamble
<LI><a href="#[b4]">&gt;&gt;</a>&nbsp;&nbsp;&nbsp;SX126X_SetCW
<LI><a href="#[bc]">&gt;&gt;</a>&nbsp;&nbsp;&nbsp;SX126X_SetRx
<LI><a href="#[c0]">&gt;&gt;</a>&nbsp;&nbsp;&nbsp;SX126X_SetTx
<LI><a href="#[b8]">&gt;&gt;</a>&nbsp;&nbsp;&nbsp;SX126X_SetFs
<LI><a href="#[bf]">&gt;&gt;</a>&nbsp;&nbsp;&nbsp;SX126X_SetStandby
<LI><a href="#[be]">&gt;&gt;</a>&nbsp;&nbsp;&nbsp;SX126X_SetSleep
<LI><a href="#[97]">&gt;&gt;</a>&nbsp;&nbsp;&nbsp;SX126X_ClearIrqStatus
<LI><a href="#[99]">&gt;&gt;</a>&nbsp;&nbsp;&nbsp;SX126X_SetRfFrequency
</UL>

<P><STRONG><a name="[9c]"></a>SX126X_writeReg</STRONG> (Thumb, 128 bytes, Stack size 24 bytes, sx126x_interface.o(.text.SX126X_writeReg))
<BR><BR>[Stack]<UL><LI>Max Depth = 24<LI>Call Chain = SX126X_writeReg
</UL>
<BR>[Calls]<UL><LI><a href="#[c5]">&gt;&gt;</a>&nbsp;&nbsp;&nbsp;lorac_transfer
</UL>
<BR>[Called By]<UL><LI><a href="#[2e]">&gt;&gt;</a>&nbsp;&nbsp;&nbsp;cli_writereg
<LI><a href="#[9a]">&gt;&gt;</a>&nbsp;&nbsp;&nbsp;RADIO_setctune
<LI><a href="#[c2]">&gt;&gt;</a>&nbsp;&nbsp;&nbsp;SX126X_SetTxParams
<LI><a href="#[c7]">&gt;&gt;</a>&nbsp;&nbsp;&nbsp;SX126X_config
<LI><a href="#[b1]">&gt;&gt;</a>&nbsp;&nbsp;&nbsp;SX126X_LoRaConfig
<LI><a href="#[b3]">&gt;&gt;</a>&nbsp;&nbsp;&nbsp;SX126X_SetLoRaPacketParams
<LI><a href="#[a9]">&gt;&gt;</a>&nbsp;&nbsp;&nbsp;SX126X_SetFskCrcWhitening
<LI><a href="#[a7]">&gt;&gt;</a>&nbsp;&nbsp;&nbsp;SX126X_SetFskSyncWord
<LI><a href="#[a8]">&gt;&gt;</a>&nbsp;&nbsp;&nbsp;SX126X_SetFskAddr
<LI><a href="#[b2]">&gt;&gt;</a>&nbsp;&nbsp;&nbsp;SX126X_SetLoRaModParams
</UL>

<P><STRONG><a name="[3f]"></a>SysTick_Handler</STRONG> (Thumb, 148 bytes, Stack size 8 bytes, tremo_it.o(.text.SysTick_Handler))
<BR><BR>[Stack]<UL><LI>Max Depth = 32<LI>Call Chain = SysTick_Handler &rArr; puts &rArr; fputc
</UL>
<BR>[Calls]<UL><LI><a href="#[cf]">&gt;&gt;</a>&nbsp;&nbsp;&nbsp;adc_start
<LI><a href="#[93]">&gt;&gt;</a>&nbsp;&nbsp;&nbsp;puts
</UL>
<BR>[Address Reference Count : 1]<UL><LI> startup_tremo.o(RESET)
</UL>
<P><STRONG><a name="[66]"></a>SystemInit</STRONG> (Thumb, 176 bytes, Stack size 0 bytes, system_tremo.o(.text.SystemInit))
<BR><BR>[Stack]<UL><LI>Max Depth = 8<LI>Call Chain = SystemInit &rArr; delay_init
</UL>
<BR>[Calls]<UL><LI><a href="#[d0]">&gt;&gt;</a>&nbsp;&nbsp;&nbsp;delay_init
</UL>
<BR>[Address Reference Count : 1]<UL><LI> startup_tremo.o(.text)
</UL>
<P><STRONG><a name="[57]"></a>TIMER0_IRQHandler</STRONG> (Thumb, 56 bytes, Stack size 24 bytes, ustimer.o(.text.TIMER0_IRQHandler))
<BR><BR>[Stack]<UL><LI>Max Depth = 24<LI>Call Chain = TIMER0_IRQHandler
</UL>
<BR>[Calls]<UL><LI><a href="#[d2]">&gt;&gt;</a>&nbsp;&nbsp;&nbsp;timer_clear_status
<LI><a href="#[d1]">&gt;&gt;</a>&nbsp;&nbsp;&nbsp;timer_get_status
</UL>
<BR>[Address Reference Count : 1]<UL><LI> startup_tremo.o(RESET)
</UL>
<P><STRONG><a name="[46]"></a>UART0_IRQHandler</STRONG> (Thumb, 4 bytes, Stack size 0 bytes, uart.o(.text.UART0_IRQHandler))
<BR><BR>[Stack]<UL><LI>Max Depth = 8<LI>Call Chain = UART0_IRQHandler &rArr; cbRETARGET_Rx
</UL>
<BR>[Calls]<UL><LI><a href="#[d3]">&gt;&gt;</a>&nbsp;&nbsp;&nbsp;cbRETARGET_Rx
</UL>
<BR>[Address Reference Count : 1]<UL><LI> startup_tremo.o(RESET)
</UL>
<P><STRONG><a name="[47]"></a>UART1_IRQHandler</STRONG> (Thumb, 2 bytes, Stack size 0 bytes, uart.o(.text.UART1_IRQHandler))
<BR>[Address Reference Count : 1]<UL><LI> startup_tremo.o(RESET)
</UL>
<P><STRONG><a name="[3b]"></a>UsageFault_Handler</STRONG> (Thumb, 2 bytes, Stack size 0 bytes, tremo_it.o(.text.UsageFault_Handler))
<BR><BR>[Calls]<UL><LI><a href="#[3b]">&gt;&gt;</a>&nbsp;&nbsp;&nbsp;UsageFault_Handler
</UL>
<BR>[Called By]<UL><LI><a href="#[3b]">&gt;&gt;</a>&nbsp;&nbsp;&nbsp;UsageFault_Handler
</UL>
<BR>[Address Reference Count : 1]<UL><LI> startup_tremo.o(RESET)
</UL>
<P><STRONG><a name="[90]"></a>adc_clear_interrupt_status</STRONG> (Thumb, 26 bytes, Stack size 0 bytes, tremo_adc.o(.text.adc_clear_interrupt_status))
<BR><BR>[Called By]<UL><LI><a href="#[50]">&gt;&gt;</a>&nbsp;&nbsp;&nbsp;ADC_IRQHandler
</UL>

<P><STRONG><a name="[10a]"></a>adc_config_clock_division</STRONG> (Thumb, 36 bytes, Stack size 0 bytes, tremo_adc.o(.text.adc_config_clock_division))
<BR><BR>[Called By]<UL><LI><a href="#[f8]">&gt;&gt;</a>&nbsp;&nbsp;&nbsp;myadc_init
</UL>

<P><STRONG><a name="[10e]"></a>adc_config_conv_mode</STRONG> (Thumb, 24 bytes, Stack size 0 bytes, tremo_adc.o(.text.adc_config_conv_mode))
<BR><BR>[Called By]<UL><LI><a href="#[f8]">&gt;&gt;</a>&nbsp;&nbsp;&nbsp;myadc_init
</UL>

<P><STRONG><a name="[110]"></a>adc_config_interrupt</STRONG> (Thumb, 24 bytes, Stack size 0 bytes, tremo_adc.o(.text.adc_config_interrupt))
<BR><BR>[Called By]<UL><LI><a href="#[f8]">&gt;&gt;</a>&nbsp;&nbsp;&nbsp;myadc_init
</UL>

<P><STRONG><a name="[10b]"></a>adc_config_ref_voltage</STRONG> (Thumb, 38 bytes, Stack size 0 bytes, tremo_adc.o(.text.adc_config_ref_voltage))
<BR><BR>[Called By]<UL><LI><a href="#[f8]">&gt;&gt;</a>&nbsp;&nbsp;&nbsp;myadc_init
</UL>

<P><STRONG><a name="[10d]"></a>adc_config_sample_sequence</STRONG> (Thumb, 60 bytes, Stack size 8 bytes, tremo_adc.o(.text.adc_config_sample_sequence))
<BR><BR>[Stack]<UL><LI>Max Depth = 8<LI>Call Chain = adc_config_sample_sequence
</UL>
<BR>[Called By]<UL><LI><a href="#[f8]">&gt;&gt;</a>&nbsp;&nbsp;&nbsp;myadc_init
</UL>

<P><STRONG><a name="[10f]"></a>adc_enable</STRONG> (Thumb, 50 bytes, Stack size 0 bytes, tremo_adc.o(.text.adc_enable))
<BR><BR>[Called By]<UL><LI><a href="#[f8]">&gt;&gt;</a>&nbsp;&nbsp;&nbsp;myadc_init
</UL>

<P><STRONG><a name="[10c]"></a>adc_enable_vbat31</STRONG> (Thumb, 22 bytes, Stack size 0 bytes, tremo_adc.o(.text.adc_enable_vbat31))
<BR><BR>[Called By]<UL><LI><a href="#[f8]">&gt;&gt;</a>&nbsp;&nbsp;&nbsp;myadc_init
</UL>

<P><STRONG><a name="[d4]"></a>adc_get_calibration_value</STRONG> (Thumb, 152 bytes, Stack size 32 bytes, tremo_adc.o(.text.adc_get_calibration_value))
<BR><BR>[Stack]<UL><LI>Max Depth = 120<LI>Call Chain = adc_get_calibration_value &rArr; __aeabi_dadd &rArr; _double_epilogue &rArr; _double_round
</UL>
<BR>[Calls]<UL><LI><a href="#[81]">&gt;&gt;</a>&nbsp;&nbsp;&nbsp;__aeabi_d2f
<LI><a href="#[75]">&gt;&gt;</a>&nbsp;&nbsp;&nbsp;__aeabi_dadd
<LI><a href="#[7c]">&gt;&gt;</a>&nbsp;&nbsp;&nbsp;__aeabi_dmul
<LI><a href="#[7e]">&gt;&gt;</a>&nbsp;&nbsp;&nbsp;__aeabi_ui2d
</UL>
<BR>[Called By]<UL><LI><a href="#[f8]">&gt;&gt;</a>&nbsp;&nbsp;&nbsp;myadc_init
</UL>

<P><STRONG><a name="[91]"></a>adc_get_data</STRONG> (Thumb, 16 bytes, Stack size 0 bytes, tremo_adc.o(.text.adc_get_data))
<BR><BR>[Called By]<UL><LI><a href="#[50]">&gt;&gt;</a>&nbsp;&nbsp;&nbsp;ADC_IRQHandler
</UL>

<P><STRONG><a name="[8f]"></a>adc_get_interrupt_status</STRONG> (Thumb, 22 bytes, Stack size 0 bytes, tremo_adc.o(.text.adc_get_interrupt_status))
<BR><BR>[Called By]<UL><LI><a href="#[50]">&gt;&gt;</a>&nbsp;&nbsp;&nbsp;ADC_IRQHandler
</UL>

<P><STRONG><a name="[d5]"></a>adc_init</STRONG> (Thumb, 22 bytes, Stack size 0 bytes, tremo_adc.o(.text.adc_init))
<BR><BR>[Stack]<UL><LI>Max Depth = 8<LI>Call Chain = adc_init &rArr; delay_us
</UL>
<BR>[Calls]<UL><LI><a href="#[c4]">&gt;&gt;</a>&nbsp;&nbsp;&nbsp;delay_us
</UL>
<BR>[Called By]<UL><LI><a href="#[f8]">&gt;&gt;</a>&nbsp;&nbsp;&nbsp;myadc_init
</UL>

<P><STRONG><a name="[cf]"></a>adc_start</STRONG> (Thumb, 44 bytes, Stack size 0 bytes, tremo_adc.o(.text.adc_start))
<BR><BR>[Called By]<UL><LI><a href="#[3f]">&gt;&gt;</a>&nbsp;&nbsp;&nbsp;SysTick_Handler
<LI><a href="#[f8]">&gt;&gt;</a>&nbsp;&nbsp;&nbsp;myadc_init
</UL>

<P><STRONG><a name="[d6]"></a>atten_init</STRONG> (Thumb, 70 bytes, Stack size 8 bytes, atten.o(.text.atten_init))
<BR><BR>[Stack]<UL><LI>Max Depth = 32<LI>Call Chain = atten_init &rArr; atten_set
</UL>
<BR>[Calls]<UL><LI><a href="#[d7]">&gt;&gt;</a>&nbsp;&nbsp;&nbsp;gpio_init
<LI><a href="#[d8]">&gt;&gt;</a>&nbsp;&nbsp;&nbsp;atten_set
</UL>
<BR>[Called By]<UL><LI><a href="#[f6]">&gt;&gt;</a>&nbsp;&nbsp;&nbsp;init_peripherals
</UL>

<P><STRONG><a name="[d8]"></a>atten_set</STRONG> (Thumb, 316 bytes, Stack size 24 bytes, atten.o(.text.atten_set))
<BR><BR>[Stack]<UL><LI>Max Depth = 24<LI>Call Chain = atten_set
</UL>
<BR>[Calls]<UL><LI><a href="#[d9]">&gt;&gt;</a>&nbsp;&nbsp;&nbsp;gpio_write
</UL>
<BR>[Called By]<UL><LI><a href="#[10]">&gt;&gt;</a>&nbsp;&nbsp;&nbsp;cli_setatt
<LI><a href="#[d6]">&gt;&gt;</a>&nbsp;&nbsp;&nbsp;atten_init
<LI><a href="#[119]">&gt;&gt;</a>&nbsp;&nbsp;&nbsp;set_attenuation
</UL>

<P><STRONG><a name="[d3]"></a>cbRETARGET_Rx</STRONG> (Thumb, 94 bytes, Stack size 8 bytes, retarget.o(.text.cbRETARGET_Rx))
<BR><BR>[Stack]<UL><LI>Max Depth = 8<LI>Call Chain = cbRETARGET_Rx
</UL>
<BR>[Calls]<UL><LI><a href="#[db]">&gt;&gt;</a>&nbsp;&nbsp;&nbsp;uart_receive_data
<LI><a href="#[da]">&gt;&gt;</a>&nbsp;&nbsp;&nbsp;uart_get_flag_status
</UL>
<BR>[Called By]<UL><LI><a href="#[46]">&gt;&gt;</a>&nbsp;&nbsp;&nbsp;UART0_IRQHandler
</UL>

<P><STRONG><a name="[dc]"></a>ciErrorCallback</STRONG> (Thumb, 16 bytes, Stack size 0 bytes, app_cli.o(.text.ciErrorCallback))
<BR><BR>[Stack]<UL><LI>Max Depth = 24<LI>Call Chain = ciErrorCallback &rArr; puts &rArr; fputc
</UL>
[...]

<P><STRONG><a name="[107]"></a>rxled_off</STRONG> (Thumb, 16 bytes, Stack size 0 bytes, bsp.o(.text.rxled_off))
<BR><BR>[Calls]<UL><LI><a href="#[d9]">&gt;&gt;</a>&nbsp;&nbsp;&nbsp;gpio_write
</UL>
<BR>[Called By]<UL><LI><a href="#[108]">&gt;&gt;</a>&nbsp;&nbsp;&nbsp;radio_proc
<LI><a href="#[65]">&gt;&gt;</a>&nbsp;&nbsp;&nbsp;main
</UL>

<P><STRONG><a name="[104]"></a>rxled_on</STRONG> (Thumb, 16 bytes, Stack size 0 bytes, bsp.o(.text.rxled_on))
<BR><BR>[Calls]<UL><LI><a href="#[d9]">&gt;&gt;</a>&nbsp;&nbsp;&nbsp;gpio_write
</UL>
<BR>[Called By]<UL><LI><a href="#[108]">&gt;&gt;</a>&nbsp;&nbsp;&nbsp;radio_proc
<LI><a href="#[65]">&gt;&gt;</a>&nbsp;&nbsp;&nbsp;main
</UL>

<P><STRONG><a name="[119]"></a>set_attenuation</STRONG> (Thumb, 84 bytes, Stack size 8 bytes, atten.o(.text.set_attenuation))
<BR><BR>[Stack]<UL><LI>Max Depth = 32<LI>Call Chain = set_attenuation &rArr; atten_set
</UL>
<BR>[Calls]<UL><LI><a href="#[d8]">&gt;&gt;</a>&nbsp;&nbsp;&nbsp;atten_set
</UL>
<BR>[Called By]<UL><LI><a href="#[ef]">&gt;&gt;</a>&nbsp;&nbsp;&nbsp;setrflevel
</UL>

<P><STRONG><a name="[11a]"></a>set_source_level</STRONG> (Thumb, 506 bytes, Stack size 8 bytes, txlevel.o(.text.set_source_level))
<BR><BR>[Stack]<UL><LI>Max Depth = 64<LI>Call Chain = set_source_level &rArr; SX126X_SetTxParams &rArr; SX126X_writeCmd
</UL>
<BR>[Calls]<UL><LI><a href="#[ba]">&gt;&gt;</a>&nbsp;&nbsp;&nbsp;SX126X_SetPaConfig
<LI><a href="#[c2]">&gt;&gt;</a>&nbsp;&nbsp;&nbsp;SX126X_SetTxParams
</UL>
<BR>[Called By]<UL><LI><a href="#[ef]">&gt;&gt;</a>&nbsp;&nbsp;&nbsp;setrflevel
</UL>

<P><STRONG><a name="[ef]"></a>setrflevel</STRONG> (Thumb, 36 bytes, Stack size 8 bytes, txlevel.o(.text.setrflevel))
<BR><BR>[Stack]<UL><LI>Max Depth = 72<LI>Call Chain = setrflevel &rArr; set_source_level &rArr; SX126X_SetTxParams &rArr; SX126X_writeCmd
</UL>
<BR>[Calls]<UL><LI><a href="#[11a]">&gt;&gt;</a>&nbsp;&nbsp;&nbsp;set_source_level
<LI><a href="#[119]">&gt;&gt;</a>&nbsp;&nbsp;&nbsp;set_attenuation
</UL>
<BR>[Called By]<UL><LI><a href="#[e]">&gt;&gt;</a>&nbsp;&nbsp;&nbsp;cli_setrflevel
<LI><a href="#[a]">&gt;&gt;</a>&nbsp;&nbsp;&nbsp;cli_setfreq
<LI><a href="#[105]">&gt;&gt;</a>&nbsp;&nbsp;&nbsp;radio_init
</UL>

<P><STRONG><a name="[d2]"></a>timer_clear_status</STRONG> (Thumb, 10 bytes, Stack size 0 bytes, tremo_timer.o(.text.timer_clear_status))
<BR><BR>[Called By]<UL><LI><a href="#[fa]">&gt;&gt;</a>&nbsp;&nbsp;&nbsp;ustimer_init
<LI><a href="#[57]">&gt;&gt;</a>&nbsp;&nbsp;&nbsp;TIMER0_IRQHandler
</UL>

<P><STRONG><a name="[122]"></a>timer_cmd</STRONG> (Thumb, 12 bytes, Stack size 0 bytes, tremo_timer.o(.text.timer_cmd))
<BR><BR>[Called By]<UL><LI><a href="#[f2]">&gt;&gt;</a>&nbsp;&nbsp;&nbsp;ustimer_start
<LI><a href="#[f0]">&gt;&gt;</a>&nbsp;&nbsp;&nbsp;ustimer_stop
<LI><a href="#[fa]">&gt;&gt;</a>&nbsp;&nbsp;&nbsp;ustimer_init
</UL>

<P><STRONG><a name="[11f]"></a>timer_config_interrupt</STRONG> (Thumb, 16 bytes, Stack size 0 bytes, tremo_timer.o(.text.timer_config_interrupt))
<BR><BR>[Called By]<UL><LI><a href="#[fa]">&gt;&gt;</a>&nbsp;&nbsp;&nbsp;ustimer_init
</UL>

<P><STRONG><a name="[121]"></a>timer_generate_event</STRONG> (Thumb, 16 bytes, Stack size 0 bytes, tremo_timer.o(.text.timer_generate_event))
<BR><BR>[Called By]<UL><LI><a href="#[fa]">&gt;&gt;</a>&nbsp;&nbsp;&nbsp;ustimer_init
</UL>

<P><STRONG><a name="[d1]"></a>timer_get_status</STRONG> (Thumb, 16 bytes, Stack size 0 bytes, tremo_timer.o(.text.timer_get_status))
<BR><BR>[Called By]<UL><LI><a href="#[57]">&gt;&gt;</a>&nbsp;&nbsp;&nbsp;TIMER0_IRQHandler
</UL>

<P><STRONG><a name="[120]"></a>timer_init</STRONG> (Thumb, 66 bytes, Stack size 0 bytes, tremo_timer.o(.text.timer_init))
<BR><BR>[Called By]<UL><LI><a href="#[fa]">&gt;&gt;</a>&nbsp;&nbsp;&nbsp;ustimer_init
</UL>

<P><STRONG><a name="[106]"></a>txled_off</STRONG> (Thumb, 16 bytes, Stack size 0 bytes, bsp.o(.text.txled_off))
<BR><BR>[Calls]<UL><LI><a href="#[d9]">&gt;&gt;</a>&nbsp;&nbsp;&nbsp;gpio_write
</UL>
<BR>[Called By]<UL><LI><a href="#[108]">&gt;&gt;</a>&nbsp;&nbsp;&nbsp;radio_proc
<LI><a href="#[65]">&gt;&gt;</a>&nbsp;&nbsp;&nbsp;main
</UL>

<P><STRONG><a name="[103]"></a>txled_on</STRONG> (Thumb, 16 bytes, Stack size 0 bytes, bsp.o(.text.txled_on))
<BR><BR>[Calls]<UL><LI><a href="#[d9]">&gt;&gt;</a>&nbsp;&nbsp;&nbsp;gpio_write
</UL>
<BR>[Called By]<UL><LI><a href="#[108]">&gt;&gt;</a>&nbsp;&nbsp;&nbsp;radio_proc
<LI><a href="#[65]">&gt;&gt;</a>&nbsp;&nbsp;&nbsp;main
</UL>

<P><STRONG><a name="[115]"></a>uart_cmd</STRONG> (Thumb, 12 bytes, Stack size 0 bytes, tremo_uart.o(.text.uart_cmd))
<BR><BR>[Called By]<UL><LI><a href="#[9e]">&gt;&gt;</a>&nbsp;&nbsp;&nbsp;myuart_init
</UL>

<P><STRONG><a name="[113]"></a>uart_config_init</STRONG> (Thumb, 24 bytes, Stack size 0 bytes, tremo_uart.o(.text.uart_config_init))
<BR><BR>[Called By]<UL><LI><a href="#[9e]">&gt;&gt;</a>&nbsp;&nbsp;&nbsp;myuart_init
</UL>

<P><STRONG><a name="[116]"></a>uart_config_interrupt</STRONG> (Thumb, 16 bytes, Stack size 0 bytes, tremo_uart.o(.text.uart_config_interrupt))
<BR><BR>[Called By]<UL><LI><a href="#[9e]">&gt;&gt;</a>&nbsp;&nbsp;&nbsp;myuart_init
</UL>

<P><STRONG><a name="[da]"></a>uart_get_flag_status</STRONG> (Thumb, 10 bytes, Stack size 0 bytes, tremo_uart.o(.text.uart_get_flag_status))
<BR><BR>[Called By]<UL><LI><a href="#[d3]">&gt;&gt;</a>&nbsp;&nbsp;&nbsp;cbRETARGET_Rx
<LI><a href="#[6b]">&gt;&gt;</a>&nbsp;&nbsp;&nbsp;fputc
</UL>

<P><STRONG><a name="[114]"></a>uart_init</STRONG> (Thumb, 332 bytes, Stack size 16 bytes, tremo_uart.o(.text.uart_init))
<BR><BR>[Stack]<UL><LI>Max Depth = 16<LI>Call Chain = uart_init
</UL>
<BR>[Calls]<UL><LI><a href="#[11e]">&gt;&gt;</a>&nbsp;&nbsp;&nbsp;rcc_get_uart3_clk_source
<LI><a href="#[11d]">&gt;&gt;</a>&nbsp;&nbsp;&nbsp;rcc_get_uart2_clk_source
<LI><a href="#[11b]">&gt;&gt;</a>&nbsp;&nbsp;&nbsp;rcc_get_uart1_clk_source
<LI><a href="#[11c]">&gt;&gt;</a>&nbsp;&nbsp;&nbsp;rcc_get_uart0_clk_source
<LI><a href="#[f3]">&gt;&gt;</a>&nbsp;&nbsp;&nbsp;rcc_get_clk_freq
</UL>
<BR>[Called By]<UL><LI><a href="#[9e]">&gt;&gt;</a>&nbsp;&nbsp;&nbsp;myuart_init
</UL>

<P><STRONG><a name="[db]"></a>uart_receive_data</STRONG> (Thumb, 32 bytes, Stack size 0 bytes, tremo_uart.o(.text.uart_receive_data))
<BR><BR>[Calls]<UL><LI><a href="#[db]">&gt;&gt;</a>&nbsp;&nbsp;&nbsp;uart_receive_data
</UL>
<BR>[Called By]<UL><LI><a href="#[db]">&gt;&gt;</a>&nbsp;&nbsp;&nbsp;uart_receive_data
<LI><a href="#[d3]">&gt;&gt;</a>&nbsp;&nbsp;&nbsp;cbRETARGET_Rx
</UL>

<P><STRONG><a name="[f5]"></a>uart_send_data</STRONG> (Thumb, 30 bytes, Stack size 0 bytes, tremo_uart.o(.text.uart_send_data))
<BR><BR>[Calls]<UL><LI><a href="#[f5]">&gt;&gt;</a>&nbsp;&nbsp;&nbsp;uart_send_data
</UL>
<BR>[Called By]<UL><LI><a href="#[f5]">&gt;&gt;</a>&nbsp;&nbsp;&nbsp;uart_send_data
<LI><a href="#[6b]">&gt;&gt;</a>&nbsp;&nbsp;&nbsp;fputc
</UL>

<P><STRONG><a name="[fa]"></a>ustimer_init</STRONG> (Thumb, 126 bytes, Stack size 32 bytes, ustimer.o(.text.ustimer_init))
<BR><BR>[Stack]<UL><LI>Max Depth = 32<LI>Call Chain = ustimer_init
</UL>
<BR>[Calls]<UL><LI><a href="#[101]">&gt;&gt;</a>&nbsp;&nbsp;&nbsp;rcc_enable_peripheral_clk
<LI><a href="#[121]">&gt;&gt;</a>&nbsp;&nbsp;&nbsp;timer_generate_event
<LI><a href="#[d2]">&gt;&gt;</a>&nbsp;&nbsp;&nbsp;timer_clear_status
<LI><a href="#[11f]">&gt;&gt;</a>&nbsp;&nbsp;&nbsp;timer_config_interrupt
<LI><a href="#[122]">&gt;&gt;</a>&nbsp;&nbsp;&nbsp;timer_cmd
<LI><a href="#[120]">&gt;&gt;</a>&nbsp;&nbsp;&nbsp;timer_init
</UL>
<BR>[Called By]<UL><LI><a href="#[f6]">&gt;&gt;</a>&nbsp;&nbsp;&nbsp;init_peripherals
</UL>

<P><STRONG><a name="[f1]"></a>ustimer_setinterval</STRONG> (Thumb, 12 bytes, Stack size 0 bytes, ustimer.o(.text.ustimer_setinterval))
<BR><BR>[Called By]<UL><LI><a href="#[31]">&gt;&gt;</a>&nbsp;&nbsp;&nbsp;cli_sweeprx
<LI><a href="#[30]">&gt;&gt;</a>&nbsp;&nbsp;&nbsp;cli_sweeptx
</UL>

<P><STRONG><a name="[f2]"></a>ustimer_start</STRONG> (Thumb, 14 bytes, Stack size 0 bytes, ustimer.o(.text.ustimer_start))
<BR><BR>[Calls]<UL><LI><a href="#[122]">&gt;&gt;</a>&nbsp;&nbsp;&nbsp;timer_cmd
</UL>
<BR>[Called By]<UL><LI><a href="#[31]">&gt;&gt;</a>&nbsp;&nbsp;&nbsp;cli_sweeprx
<LI><a href="#[30]">&gt;&gt;</a>&nbsp;&nbsp;&nbsp;cli_sweeptx
</UL>

<P><STRONG><a name="[f0]"></a>ustimer_stop</STRONG> (Thumb, 14 bytes, Stack size 0 bytes, ustimer.o(.text.ustimer_stop))
<BR><BR>[Calls]<UL><LI><a href="#[122]">&gt;&gt;</a>&nbsp;&nbsp;&nbsp;timer_cmd
</UL>
<BR>[Called By]<UL><LI><a href="#[31]">&gt;&gt;</a>&nbsp;&nbsp;&nbsp;cli_sweeprx
<LI><a href="#[30]">&gt;&gt;</a>&nbsp;&nbsp;&nbsp;cli_sweeptx
</UL>

<P><STRONG><a name="[ca]"></a>writeconfig</STRONG> (Thumb, 56 bytes, Stack size 16 bytes, flash.o(.text.writeconfig))
<BR><BR>[Stack]<UL><LI>Max Depth = 64<LI>Call Chain = writeconfig &rArr; flash_program_bytes &rArr; __aeabi_memcpy
</UL>
<BR>[Calls]<UL><LI><a href="#[f4]">&gt;&gt;</a>&nbsp;&nbsp;&nbsp;flash_program_bytes
<LI><a href="#[123]">&gt;&gt;</a>&nbsp;&nbsp;&nbsp;flash_erase_page
<LI><a href="#[118]">&gt;&gt;</a>&nbsp;&nbsp;&nbsp;__aeabi_memcpy4
</UL>
<BR>[Called By]<UL><LI><a href="#[33]">&gt;&gt;</a>&nbsp;&nbsp;&nbsp;cli_storeconfig
<LI><a href="#[c9]">&gt;&gt;</a>&nbsp;&nbsp;&nbsp;SX126X_initconfigstructure
<LI><a href="#[4]">&gt;&gt;</a>&nbsp;&nbsp;&nbsp;cli_setdevid
</UL>

<P><STRONG><a name="[124]"></a>__0printf</STRONG> (Thumb, 22 bytes, Stack size 24 bytes, printfa.o(i.__0printf), UNUSED)
<BR><BR>[Calls]<UL><LI><a href="#[125]">&gt;&gt;</a>&nbsp;&nbsp;&nbsp;_printf_core
</UL>

<P><STRONG><a name="[13e]"></a>__1printf</STRONG> (Thumb, 0 bytes, Stack size 24 bytes, printfa.o(i.__0printf), UNUSED)

<P><STRONG><a name="[e3]"></a>__2printf</STRONG> (Thumb, 0 bytes, Stack size 24 bytes, printfa.o(i.__0printf))
<BR><BR>[Stack]<UL><LI>Max Depth = 24<LI>Call Chain = __2printf
</UL>
<BR>[Called By]<UL><LI><a href="#[35]">&gt;&gt;</a>&nbsp;&nbsp;&nbsp;cli_getpaconfig
<LI><a href="#[34]">&gt;&gt;</a>&nbsp;&nbsp;&nbsp;cli_setpaconfig
<LI><a href="#[32]">&gt;&gt;</a>&nbsp;&nbsp;&nbsp;cli_initconfig
<LI><a href="#[2f]">&gt;&gt;</a>&nbsp;&nbsp;&nbsp;cli_dumpregs
<LI><a href="#[2e]">&gt;&gt;</a>&nbsp;&nbsp;&nbsp;cli_writereg
<LI><a href="#[2d]">&gt;&gt;</a>&nbsp;&nbsp;&nbsp;cli_readreg
<LI><a href="#[2c]">&gt;&gt;</a>&nbsp;&nbsp;&nbsp;cli_getvt
<LI><a href="#[26]">&gt;&gt;</a>&nbsp;&nbsp;&nbsp;cli_sendburst
<LI><a href="#[25]">&gt;&gt;</a>&nbsp;&nbsp;&nbsp;cli_fs_setcrcwhite
<LI><a href="#[24]">&gt;&gt;</a>&nbsp;&nbsp;&nbsp;cli_fs_getcrcwhite
<LI><a href="#[23]">&gt;&gt;</a>&nbsp;&nbsp;&nbsp;cli_fs_setsync
<LI><a href="#[22]">&gt;&gt;</a>&nbsp;&nbsp;&nbsp;cli_fs_getsync
<LI><a href="#[21]">&gt;&gt;</a>&nbsp;&nbsp;&nbsp;cli_fs_setaddr
<LI><a href="#[20]">&gt;&gt;</a>&nbsp;&nbsp;&nbsp;cli_fs_getaddr
<LI><a href="#[1f]">&gt;&gt;</a>&nbsp;&nbsp;&nbsp;cli_fs_setpacketparams
<LI><a href="#[1e]">&gt;&gt;</a>&nbsp;&nbsp;&nbsp;cli_fs_getpacketparams
<LI><a href="#[1d]">&gt;&gt;</a>&nbsp;&nbsp;&nbsp;cli_fs_setmodparams
<LI><a href="#[1c]">&gt;&gt;</a>&nbsp;&nbsp;&nbsp;cli_fs_getmodparams
<LI><a href="#[1b]">&gt;&gt;</a>&nbsp;&nbsp;&nbsp;cli_lr_setsync
<LI><a href="#[1a]">&gt;&gt;</a>&nbsp;&nbsp;&nbsp;cli_lr_getsync
<LI><a href="#[19]">&gt;&gt;</a>&nbsp;&nbsp;&nbsp;cli_lr_setpacketparams
<LI><a href="#[18]">&gt;&gt;</a>&nbsp;&nbsp;&nbsp;cli_lr_getpacketparams
<LI><a href="#[17]">&gt;&gt;</a>&nbsp;&nbsp;&nbsp;cli_lr_setmodparams
<LI><a href="#[16]">&gt;&gt;</a>&nbsp;&nbsp;&nbsp;cli_lr_getmodparams
<LI><a href="#[15]">&gt;&gt;</a>&nbsp;&nbsp;&nbsp;cli_getstatus
<LI><a href="#[14]">&gt;&gt;</a>&nbsp;&nbsp;&nbsp;cli_getfreqoffset
<LI><a href="#[13]">&gt;&gt;</a>&nbsp;&nbsp;&nbsp;cli_getRSSI
<LI><a href="#[12]">&gt;&gt;</a>&nbsp;&nbsp;&nbsp;cli_setxotrim
<LI><a href="#[11]">&gt;&gt;</a>&nbsp;&nbsp;&nbsp;cli_getxotrim
<LI><a href="#[10]">&gt;&gt;</a>&nbsp;&nbsp;&nbsp;cli_setatt
<LI><a href="#[f]">&gt;&gt;</a>&nbsp;&nbsp;&nbsp;cli_getatt
<LI><a href="#[e]">&gt;&gt;</a>&nbsp;&nbsp;&nbsp;cli_setrflevel
<LI><a href="#[d]">&gt;&gt;</a>&nbsp;&nbsp;&nbsp;cli_getrflevel
<LI><a href="#[c]">&gt;&gt;</a>&nbsp;&nbsp;&nbsp;cli_setpower
<LI><a href="#[b]">&gt;&gt;</a>&nbsp;&nbsp;&nbsp;cli_getpower
<LI><a href="#[a]">&gt;&gt;</a>&nbsp;&nbsp;&nbsp;cli_setfreq
<LI><a href="#[9]">&gt;&gt;</a>&nbsp;&nbsp;&nbsp;cli_getfreq
<LI><a href="#[4]">&gt;&gt;</a>&nbsp;&nbsp;&nbsp;cli_setdevid
<LI><a href="#[3]">&gt;&gt;</a>&nbsp;&nbsp;&nbsp;cli_getdevid
<LI><a href="#[2]">&gt;&gt;</a>&nbsp;&nbsp;&nbsp;cli_getver
<LI><a href="#[1]">&gt;&gt;</a>&nbsp;&nbsp;&nbsp;cli_info
<LI><a href="#[108]">&gt;&gt;</a>&nbsp;&nbsp;&nbsp;radio_proc
<LI><a href="#[e1]">&gt;&gt;</a>&nbsp;&nbsp;&nbsp;ciPrintHelp
</UL>

<P><STRONG><a name="[13f]"></a>__c89printf</STRONG> (Thumb, 0 bytes, Stack size 24 bytes, printfa.o(i.__0printf), UNUSED)

<P><STRONG><a name="[140]"></a>printf</STRONG> (Thumb, 0 bytes, Stack size 24 bytes, printfa.o(i.__0printf), UNUSED)

<P><STRONG><a name="[73]"></a>__aeabi_errno_addr</STRONG> (Thumb, 4 bytes, Stack size 0 bytes, errno.o(i.__aeabi_errno_addr))
<BR><BR>[Called By]<UL><LI><a href="#[e4]">&gt;&gt;</a>&nbsp;&nbsp;&nbsp;ciProcessInput
<LI><a href="#[72]">&gt;&gt;</a>&nbsp;&nbsp;&nbsp;_strtoul
<LI><a href="#[74]">&gt;&gt;</a>&nbsp;&nbsp;&nbsp;strtoul
<LI><a href="#[70]">&gt;&gt;</a>&nbsp;&nbsp;&nbsp;strtol
</UL>

<P><STRONG><a name="[141]"></a>__rt_errno_addr</STRONG> (Thumb, 0 bytes, Stack size 0 bytes, errno.o(i.__aeabi_errno_addr), UNUSED)

<P><STRONG><a name="[de]"></a>__hardfp_strtof</STRONG> (Thumb, 26 bytes, Stack size 8 bytes, strtof.o(i.__hardfp_strtof))
<BR><BR>[Stack]<UL><LI>Max Depth = 216<LI>Call Chain = __hardfp_strtof &rArr; __strtof_int &rArr; __strtod_int &rArr; _local_sscanf &rArr; _scanf_real
</UL>
<BR>[Calls]<UL><LI><a href="#[85]">&gt;&gt;</a>&nbsp;&nbsp;&nbsp;__strtof_int
</UL>
<BR>[Called By]<UL><LI><a href="#[dd]">&gt;&gt;</a>&nbsp;&nbsp;&nbsp;ciGetFloat
</UL>

<P><STRONG><a name="[142]"></a>__scatterload_copy</STRONG> (Thumb, 14 bytes, Stack size unknown bytes, handlers.o(i.__scatterload_copy), UNUSED)

<P><STRONG><a name="[143]"></a>__scatterload_null</STRONG> (Thumb, 2 bytes, Stack size unknown bytes, handlers.o(i.__scatterload_null), UNUSED)

<P><STRONG><a name="[144]"></a>__scatterload_zeroinit</STRONG> (Thumb, 14 bytes, Stack size unknown bytes, handlers.o(i.__scatterload_zeroinit), UNUSED)

<P><STRONG><a name="[8e]"></a>_is_digit</STRONG> (Thumb, 14 bytes, Stack size 0 bytes, scanf_fp.o(i._is_digit), UNUSED)
<BR><BR>[Called By]<UL><LI><a href="#[8d]">&gt;&gt;</a>&nbsp;&nbsp;&nbsp;_scanf_really_real
</UL>

<P><STRONG><a name="[93]"></a>puts</STRONG> (Thumb, 30 bytes, Stack size 8 bytes, puts.o(i.puts))
<BR><BR>[Stack]<UL><LI>Max Depth = 24<LI>Call Chain = puts &rArr; fputc
</UL>
<BR>[Calls]<UL><LI><a href="#[6b]">&gt;&gt;</a>&nbsp;&nbsp;&nbsp;fputc
</UL>
<BR>[Called By]<UL><LI><a href="#[dc]">&gt;&gt;</a>&nbsp;&nbsp;&nbsp;ciErrorCallback
<LI><a href="#[33]">&gt;&gt;</a>&nbsp;&nbsp;&nbsp;cli_storeconfig
<LI><a href="#[c9]">&gt;&gt;</a>&nbsp;&nbsp;&nbsp;SX126X_initconfigstructure
<LI><a href="#[32]">&gt;&gt;</a>&nbsp;&nbsp;&nbsp;cli_initconfig
<LI><a href="#[31]">&gt;&gt;</a>&nbsp;&nbsp;&nbsp;cli_sweeprx
<LI><a href="#[30]">&gt;&gt;</a>&nbsp;&nbsp;&nbsp;cli_sweeptx
<LI><a href="#[2f]">&gt;&gt;</a>&nbsp;&nbsp;&nbsp;cli_dumpregs
<LI><a href="#[2b]">&gt;&gt;</a>&nbsp;&nbsp;&nbsp;cli_getrxcount
<LI><a href="#[2a]">&gt;&gt;</a>&nbsp;&nbsp;&nbsp;cli_stoprxcount
<LI><a href="#[29]">&gt;&gt;</a>&nbsp;&nbsp;&nbsp;cli_startrxcount
<LI><a href="#[28]">&gt;&gt;</a>&nbsp;&nbsp;&nbsp;cli_txstream
<LI><a href="#[27]">&gt;&gt;</a>&nbsp;&nbsp;&nbsp;cli_stopburst
<LI><a href="#[25]">&gt;&gt;</a>&nbsp;&nbsp;&nbsp;cli_fs_setcrcwhite
<LI><a href="#[23]">&gt;&gt;</a>&nbsp;&nbsp;&nbsp;cli_fs_setsync
<LI><a href="#[21]">&gt;&gt;</a>&nbsp;&nbsp;&nbsp;cli_fs_setaddr
<LI><a href="#[1f]">&gt;&gt;</a>&nbsp;&nbsp;&nbsp;cli_fs_setpacketparams
<LI><a href="#[1e]">&gt;&gt;</a>&nbsp;&nbsp;&nbsp;cli_fs_getpacketparams
<LI><a href="#[1d]">&gt;&gt;</a>&nbsp;&nbsp;&nbsp;cli_fs_setmodparams
<LI><a href="#[1b]">&gt;&gt;</a>&nbsp;&nbsp;&nbsp;cli_lr_setsync
<LI><a href="#[19]">&gt;&gt;</a>&nbsp;&nbsp;&nbsp;cli_lr_setpacketparams
<LI><a href="#[18]">&gt;&gt;</a>&nbsp;&nbsp;&nbsp;cli_lr_getpacketparams
<LI><a href="#[17]">&gt;&gt;</a>&nbsp;&nbsp;&nbsp;cli_lr_setmodparams
<LI><a href="#[16]">&gt;&gt;</a>&nbsp;&nbsp;&nbsp;cli_lr_getmodparams
<LI><a href="#[8]">&gt;&gt;</a>&nbsp;&nbsp;&nbsp;cli_setopmode
<LI><a href="#[7]">&gt;&gt;</a>&nbsp;&nbsp;&nbsp;cli_getopmode
<LI><a href="#[6]">&gt;&gt;</a>&nbsp;&nbsp;&nbsp;cli_setmodem
<LI><a href="#[5]">&gt;&gt;</a>&nbsp;&nbsp;&nbsp;cli_getmodem
<LI><a href="#[0]">&gt;&gt;</a>&nbsp;&nbsp;&nbsp;cli_reset
<LI><a href="#[3f]">&gt;&gt;</a>&nbsp;&nbsp;&nbsp;SysTick_Handler
<LI><a href="#[38]">&gt;&gt;</a>&nbsp;&nbsp;&nbsp;HardFault_Handler
<LI><a href="#[108]">&gt;&gt;</a>&nbsp;&nbsp;&nbsp;radio_proc
<LI><a href="#[105]">&gt;&gt;</a>&nbsp;&nbsp;&nbsp;radio_init
<LI><a href="#[65]">&gt;&gt;</a>&nbsp;&nbsp;&nbsp;main
<LI><a href="#[e1]">&gt;&gt;</a>&nbsp;&nbsp;&nbsp;ciPrintHelp
</UL>
<P>
<H3>
Local Symbols
</H3>
<P><STRONG><a name="[95]"></a>__NVIC_SystemReset</STRONG> (Thumb, 42 bytes, Stack size 0 bytes, tremo_it.o(.text.__NVIC_SystemReset))
<BR><BR>[Called By]<UL><LI><a href="#[38]">&gt;&gt;</a>&nbsp;&nbsp;&nbsp;HardFault_Handler
</UL>

<P><STRONG><a name="[ed]"></a>__NVIC_SystemReset</STRONG> (Thumb, 42 bytes, Stack size 0 bytes, app_cli.o(.text.__NVIC_SystemReset))
<BR><BR>[Called By]<UL><LI><a href="#[0]">&gt;&gt;</a>&nbsp;&nbsp;&nbsp;cli_reset
</UL>

<P><STRONG><a name="[126]"></a>_fp_digits</STRONG> (Thumb, 366 bytes, Stack size 64 bytes, printfa.o(i._fp_digits), UNUSED)
<BR><BR>[Calls]<UL><LI><a href="#[75]">&gt;&gt;</a>&nbsp;&nbsp;&nbsp;__aeabi_dadd
<LI><a href="#[7c]">&gt;&gt;</a>&nbsp;&nbsp;&nbsp;__aeabi_dmul
<LI><a href="#[7d]">&gt;&gt;</a>&nbsp;&nbsp;&nbsp;__aeabi_ddiv
<LI><a href="#[83]">&gt;&gt;</a>&nbsp;&nbsp;&nbsp;__aeabi_uldivmod
<LI><a href="#[87]">&gt;&gt;</a>&nbsp;&nbsp;&nbsp;__aeabi_d2ulz
<LI><a href="#[127]">&gt;&gt;</a>&nbsp;&nbsp;&nbsp;__aeabi_cdrcmple
</UL>
<BR>[Called By]<UL><LI><a href="#[125]">&gt;&gt;</a>&nbsp;&nbsp;&nbsp;_printf_core
</UL>

<P><STRONG><a name="[125]"></a>_printf_core</STRONG> (Thumb, 1744 bytes, Stack size 136 bytes, printfa.o(i._printf_core), UNUSED)
<BR><BR>[Calls]<UL><LI><a href="#[83]">&gt;&gt;</a>&nbsp;&nbsp;&nbsp;__aeabi_uldivmod
<LI><a href="#[12a]">&gt;&gt;</a>&nbsp;&nbsp;&nbsp;__aeabi_uidivmod
<LI><a href="#[128]">&gt;&gt;</a>&nbsp;&nbsp;&nbsp;_printf_pre_padding
<LI><a href="#[129]">&gt;&gt;</a>&nbsp;&nbsp;&nbsp;_printf_post_padding
<LI><a href="#[126]">&gt;&gt;</a>&nbsp;&nbsp;&nbsp;_fp_digits
</UL>
<BR>[Called By]<UL><LI><a href="#[124]">&gt;&gt;</a>&nbsp;&nbsp;&nbsp;__0printf
</UL>

<P><STRONG><a name="[129]"></a>_printf_post_padding</STRONG> (Thumb, 36 bytes, Stack size 24 bytes, printfa.o(i._printf_post_padding), UNUSED)
<BR><BR>[Called By]<UL><LI><a href="#[125]">&gt;&gt;</a>&nbsp;&nbsp;&nbsp;_printf_core
</UL>

<P><STRONG><a name="[128]"></a>_printf_pre_padding</STRONG> (Thumb, 46 bytes, Stack size 24 bytes, printfa.o(i._printf_pre_padding), UNUSED)
<BR><BR>[Called By]<UL><LI><a href="#[125]">&gt;&gt;</a>&nbsp;&nbsp;&nbsp;_printf_core
</UL>

<P><STRONG><a name="[89]"></a>_local_sscanf</STRONG> (Thumb, 62 bytes, Stack size 64 bytes, strtod.o(.text))
<BR><BR>[Stack]<UL><LI>Max Depth = 168<LI>Call Chain = _local_sscanf &rArr; _scanf_real
</UL>
<BR>[Calls]<UL><LI><a href="#[8a]">&gt;&gt;</a>&nbsp;&nbsp;&nbsp;_scanf_real
</UL>
<BR>[Called By]<UL><LI><a href="#[86]">&gt;&gt;</a>&nbsp;&nbsp;&nbsp;__strtod_int
</UL>

<P><STRONG><a name="[8b]"></a>_fp_value</STRONG> (Thumb, 296 bytes, Stack size 64 bytes, scanf_fp.o(.text), UNUSED)
<BR><BR>[Calls]<UL><LI><a href="#[7c]">&gt;&gt;</a>&nbsp;&nbsp;&nbsp;__aeabi_dmul
<LI><a href="#[7d]">&gt;&gt;</a>&nbsp;&nbsp;&nbsp;__aeabi_ddiv
<LI><a href="#[8c]">&gt;&gt;</a>&nbsp;&nbsp;&nbsp;__aeabi_ul2d
</UL>
<BR>[Called By]<UL><LI><a href="#[8d]">&gt;&gt;</a>&nbsp;&nbsp;&nbsp;_scanf_really_real
</UL>
<P>
<H3>
Undefined Global Symbols
</H3><HR></body></html>
